Component: ARM Compiler 5.06 update 6 (build 750) Tool: armlink [4d35ed]

==============================================================================

Small function inlining results

Inlined total of 0 calls.

==============================================================================

Section Cross References

    system_m051series.o(i.SystemCoreClockUpdate) refers to uidiv.o(.text) for __aeabi_uidivmod
    system_m051series.o(i.SystemCoreClockUpdate) refers to system_m051series.o(.data) for .data
    system_m051series.o(i.SystemCoreClockUpdate) refers to system_m051series.o(.constdata) for .constdata
    startup_m051series.o(RESET) refers to startup_m051series.o(STACK) for __initial_sp
    startup_m051series.o(RESET) refers to startup_m051series.o(.text) for Reset_Handler
    startup_m051series.o(RESET) refers to retarget.o(.emb_text) for HardFault_Handler
    startup_m051series.o(RESET) refers to main.o(i.TMR0_IRQHandler) for TMR0_IRQHandler
    startup_m051series.o(RESET) refers to main.o(i.I2C0_IRQHandler) for I2C0_IRQHandler
    startup_m051series.o(.text) refers to system_m051series.o(i.SystemInit) for SystemInit
    startup_m051series.o(.text) refers to entry.o(.ARM.Collect$$$$00000000) for __main
    main.o(i.AdcContScanModeTest) refers to log.o(i.log) for log
    main.o(i.AdcContScanModeTest) refers to dflti.o(.text) for __aeabi_i2d
    main.o(i.AdcContScanModeTest) refers to ddiv.o(.text) for __aeabi_ddiv
    main.o(i.AdcContScanModeTest) refers to dadd.o(.text) for __aeabi_dadd
    main.o(i.AdcContScanModeTest) refers to dfixi.o(.text) for __aeabi_d2iz
    main.o(i.AdcContScanModeTest) refers to printf8.o(i.__0printf$8) for __2printf
    main.o(i.AdcContScanModeTest) refers to main.o(.bss) for .bss
    main.o(i.AdcContScanModeTest) refers to main.o(.data) for .data
    main.o(i.I2C0_IRQHandler) refers to main.o(.data) for .data
    main.o(i.I2C0_Init) refers to uidiv.o(.text) for __aeabi_uidivmod
    main.o(i.I2C0_Init) refers to printf8.o(i.__0printf$8) for __2printf
    main.o(i.I2C0_Init) refers to system_m051series.o(.data) for SystemCoreClock
    main.o(i.I2C0_SYS_Init) refers to system_m051series.o(.data) for PllClock
    main.o(i.I2C_SlaveTRx) refers to printf8.o(i.__0printf$8) for __2printf
    main.o(i.I2C_SlaveTRx) refers to memcpya.o(.text) for __aeabi_memcpy
    main.o(i.I2C_SlaveTRx) refers to main.o(.data) for .data
    main.o(i.I2C_SlaveTRx) refers to main.o(.bss) for .bss
    main.o(i.ReadPanel) refers to main.o(i.SetPin) for SetPin
    main.o(i.ReadPanel) refers to main.o(i.GetPin) for GetPin
    main.o(i.ReadPanel) refers to printf8.o(i.__0sprintf$8) for __2sprintf
    main.o(i.ReadPanel) refers to strncpy.o(.text) for strncpy
    main.o(i.ReadPanel) refers to strncat.o(.text) for strncat
    main.o(i.ReadPanel) refers to rand.o(.text) for rand
    main.o(i.ReadPanel) refers to memcpya.o(.text) for __aeabi_memcpy
    main.o(i.ReadPanel) refers to printf8.o(i.__0printf$8) for __2printf
    main.o(i.ReadPanel) refers to main.o(i.__ARM_common_switch8) for __ARM_common_switch8
    main.o(i.ReadPanel) refers to main.o(.data) for .data
    main.o(i.ReadPanel) refers to main.o(.bss) for .bss
    main.o(i.SYS_Init) refers to system_m051series.o(.data) for PllClock
    main.o(i.SetIndicatorLights) refers to main.o(.bss) for .bss
    main.o(i.TMR0_IRQHandler) refers to main.o(.data) for .data
    main.o(i.main) refers to main.o(i.SYS_Init) for SYS_Init
    main.o(i.main) refers to main.o(i.UART0_Init) for UART0_Init
    main.o(i.main) refers to printf8.o(i.__0printf$8) for __2printf
    main.o(i.main) refers to main.o(i.setPwm) for setPwm
    main.o(i.main) refers to main.o(i.setGpio) for setGpio
    main.o(i.main) refers to main.o(i.setI2c) for setI2c
    main.o(i.main) refers to main.o(i.setTimer) for setTimer
    main.o(i.main) refers to main.o(i.ReadPanel) for ReadPanel
    main.o(i.main) refers to uidiv.o(.text) for __aeabi_uidivmod
    main.o(i.main) refers to main.o(i.AdcContScanModeTest) for AdcContScanModeTest
    main.o(i.main) refers to idiv.o(.text) for __aeabi_idivmod
    main.o(i.main) refers to main.o(i.SetPwmLightRing) for SetPwmLightRing
    main.o(i.main) refers to main.o(i.SetIndicatorLights) for SetIndicatorLights
    main.o(i.main) refers to system_m051series.o(.data) for SystemCoreClock
    main.o(i.main) refers to main.o(.data) for .data
    main.o(i.setI2c) refers to main.o(i.I2C0_Init) for I2C0_Init
    main.o(i.setI2c) refers to printf8.o(i.__0printf$8) for __2printf
    main.o(i.setI2c) refers to main.o(i.I2C_SlaveTRx) for I2C_SlaveTRx
    main.o(i.setI2c) refers to main.o(.data) for .data
    main.o(i.setI2c) refers to main.o(.bss) for .bss
    main.o(i.setPwm) refers to printf8.o(i.__0printf$8) for __2printf
    main.o(i.setTimer) refers to printf8.o(i.__0printf$8) for __2printf
    main.o(i.setTimer) refers to main.o(.conststring) for .conststring
    retarget.o(.emb_text) refers to retarget.o(i.Hard_Fault_Handler) for Hard_Fault_Handler
    retarget.o(i.GetChar) refers to retarget.o(.emb_text) for SH_DoCommand
    retarget.o(i.Hard_Fault_Handler) refers to printf8.o(i.__0printf$8) for __2printf
    retarget.o(i.Hard_Fault_Handler) refers to retarget.o(i.stackDump) for stackDump
    retarget.o(i.SendChar) refers to retarget.o(.emb_text) for SH_DoCommand
    retarget.o(i.SendChar) refers to retarget.o(.bss) for .bss
    retarget.o(i.SendChar) refers to retarget.o(.data) for .data
    retarget.o(i._sys_exit) refers to retarget.o(.emb_text) for SH_DoCommand
    retarget.o(i._sys_exit) refers to retarget.o(i.IsDebugFifoEmpty) for IsDebugFifoEmpty
    retarget.o(i._ttywrch) refers to retarget.o(i.SendChar) for SendChar
    retarget.o(i.fgetc) refers to retarget.o(i.GetChar) for GetChar
    retarget.o(i.fputc) refers to retarget.o(i.SendChar) for SendChar
    retarget.o(i.stackDump) refers to printf8.o(i.__0printf$8) for __2printf
    clk.o(i.CLK_DisableCKO) refers to clk.o(i.CLK_DisableModuleClock) for CLK_DisableModuleClock
    clk.o(i.CLK_EnableCKO) refers to clk.o(i.CLK_EnableModuleClock) for CLK_EnableModuleClock
    clk.o(i.CLK_EnableCKO) refers to clk.o(i.CLK_SetModuleClock) for CLK_SetModuleClock
    clk.o(i.CLK_EnablePLL) refers to clk.o(i.CLK_WaitClockReady) for CLK_WaitClockReady
    clk.o(i.CLK_EnablePLL) refers to uidiv.o(.text) for __aeabi_uidivmod
    clk.o(i.CLK_GetCPUFreq) refers to system_m051series.o(i.SystemCoreClockUpdate) for SystemCoreClockUpdate
    clk.o(i.CLK_GetCPUFreq) refers to system_m051series.o(.data) for SystemCoreClock
    clk.o(i.CLK_GetHCLKFreq) refers to system_m051series.o(i.SystemCoreClockUpdate) for SystemCoreClockUpdate
    clk.o(i.CLK_GetHCLKFreq) refers to system_m051series.o(.data) for SystemCoreClock
    clk.o(i.CLK_GetPCLKFreq) refers to system_m051series.o(i.SystemCoreClockUpdate) for SystemCoreClockUpdate
    clk.o(i.CLK_GetPCLKFreq) refers to system_m051series.o(.data) for SystemCoreClock
    clk.o(i.CLK_SetCoreClock) refers to clk.o(i.CLK_WaitClockReady) for CLK_WaitClockReady
    clk.o(i.CLK_SetCoreClock) refers to clk.o(i.CLK_EnablePLL) for CLK_EnablePLL
    clk.o(i.CLK_SetCoreClock) refers to clk.o(i.CLK_SetHCLK) for CLK_SetHCLK
    clk.o(i.CLK_SetHCLK) refers to clk.o(i.CLK_WaitClockReady) for CLK_WaitClockReady
    clk.o(i.CLK_SetHCLK) refers to system_m051series.o(i.SystemCoreClockUpdate) for SystemCoreClockUpdate
    fmc.o(i.FMC_ReadConfig) refers to fmc.o(i.FMC_Read) for FMC_Read
    fmc.o(i.FMC_WriteConfig) refers to fmc.o(i.FMC_Read) for FMC_Read
    i2c.o(i.I2C_GetBusClockFreq) refers to uidiv.o(.text) for __aeabi_uidivmod
    i2c.o(i.I2C_GetBusClockFreq) refers to system_m051series.o(.data) for SystemCoreClock
    i2c.o(i.I2C_Open) refers to uidiv.o(.text) for __aeabi_uidivmod
    i2c.o(i.I2C_Open) refers to system_m051series.o(.data) for SystemCoreClock
    i2c.o(i.I2C_SetBusClockFreq) refers to uidiv.o(.text) for __aeabi_uidivmod
    i2c.o(i.I2C_SetBusClockFreq) refers to system_m051series.o(.data) for SystemCoreClock
    pwm.o(i.PWM_ConfigCaptureChannel) refers to memcpya.o(.text) for __aeabi_memcpy4
    pwm.o(i.PWM_ConfigCaptureChannel) refers to uidiv.o(.text) for __aeabi_uidivmod
    pwm.o(i.PWM_ConfigCaptureChannel) refers to system_m051series.o(i.SystemCoreClockUpdate) for SystemCoreClockUpdate
    pwm.o(i.PWM_ConfigCaptureChannel) refers to pwm.o(.constdata) for .constdata
    pwm.o(i.PWM_ConfigCaptureChannel) refers to system_m051series.o(.data) for SystemCoreClock
    pwm.o(i.PWM_ConfigOutputChannel) refers to memcpya.o(.text) for __aeabi_memcpy4
    pwm.o(i.PWM_ConfigOutputChannel) refers to uidiv.o(.text) for __aeabi_uidivmod
    pwm.o(i.PWM_ConfigOutputChannel) refers to system_m051series.o(i.SystemCoreClockUpdate) for SystemCoreClockUpdate
    pwm.o(i.PWM_ConfigOutputChannel) refers to pwm.o(.constdata) for .constdata
    pwm.o(i.PWM_ConfigOutputChannel) refers to system_m051series.o(.data) for SystemCoreClock
    uart.o(i.CLK_GetPLLClockFreq) refers to uidiv.o(.text) for __aeabi_uidivmod
    uart.o(i.UART_Open) refers to uart.o(i.CLK_GetPLLClockFreq) for CLK_GetPLLClockFreq
    uart.o(i.UART_Open) refers to uidiv.o(.text) for __aeabi_uidivmod
    uart.o(i.UART_Open) refers to uart.o(.constdata) for .constdata
    uart.o(i.UART_SelectIrDAMode) refers to uart.o(i.CLK_GetPLLClockFreq) for CLK_GetPLLClockFreq
    uart.o(i.UART_SelectIrDAMode) refers to uidiv.o(.text) for __aeabi_uidivmod
    uart.o(i.UART_SelectIrDAMode) refers to uart.o(.constdata) for .constdata
    uart.o(i.UART_SetLine_Config) refers to uart.o(i.CLK_GetPLLClockFreq) for CLK_GetPLLClockFreq
    uart.o(i.UART_SetLine_Config) refers to uidiv.o(.text) for __aeabi_uidivmod
    uart.o(i.UART_SetLine_Config) refers to uart.o(.constdata) for .constdata
    log.o(i.__softfp_log) refers (Special) to iusefp.o(.text) for __I$use$fp
    log.o(i.__softfp_log) refers to log.o(i.log) for log
    log.o(i.log) refers (Special) to iusefp.o(.text) for __I$use$fp
    log.o(i.log) refers to dunder.o(i.__mathlib_dbl_infnan) for __mathlib_dbl_infnan
    log.o(i.log) refers to errno.o(i.__set_errno) for __set_errno
    log.o(i.log) refers to dunder.o(i.__mathlib_dbl_invalid) for __mathlib_dbl_invalid
    log.o(i.log) refers to dunder.o(i.__mathlib_dbl_divzero) for __mathlib_dbl_divzero
    log.o(i.log) refers to dscalb.o(.text) for __ARM_scalbn
    log.o(i.log) refers to dadd.o(.text) for __aeabi_dsub
    log.o(i.log) refers to cdcmple.o(.text) for __aeabi_cdcmpeq
    log.o(i.log) refers to dflti.o(.text) for __aeabi_i2d
    log.o(i.log) refers to dmul.o(.text) for __aeabi_dmul
    log.o(i.log) refers to ddiv.o(.text) for __aeabi_ddiv
    log.o(i.log) refers to poly.o(i.__kernel_poly) for __kernel_poly
    log.o(i.log) refers to qnan.o(.constdata) for __mathlib_zero
    log.o(i.log) refers to log.o(.constdata) for .constdata
    log.o(.constdata) refers (Special) to iusefp.o(.text) for __I$use$fp
    log_x.o(i.____softfp_log$lsc) refers (Special) to iusefp.o(.text) for __I$use$fp
    log_x.o(i.____softfp_log$lsc) refers to log_x.o(i.__log$lsc) for __log$lsc
    log_x.o(i.__log$lsc) refers (Special) to iusefp.o(.text) for __I$use$fp
    log_x.o(i.__log$lsc) refers to dunder.o(i.__mathlib_dbl_infnan) for __mathlib_dbl_infnan
    log_x.o(i.__log$lsc) refers to errno.o(i.__set_errno) for __set_errno
    log_x.o(i.__log$lsc) refers to dscalb.o(.text) for __ARM_scalbn
    log_x.o(i.__log$lsc) refers to dadd.o(.text) for __aeabi_dsub
    log_x.o(i.__log$lsc) refers to cdcmple.o(.text) for __aeabi_cdcmpeq
    log_x.o(i.__log$lsc) refers to dflti.o(.text) for __aeabi_i2d
    log_x.o(i.__log$lsc) refers to dmul.o(.text) for __aeabi_dmul
    log_x.o(i.__log$lsc) refers to ddiv.o(.text) for __aeabi_ddiv
    log_x.o(i.__log$lsc) refers to poly.o(i.__kernel_poly) for __kernel_poly
    log_x.o(i.__log$lsc) refers to qnan.o(.constdata) for __mathlib_zero
    log_x.o(i.__log$lsc) refers to log_x.o(.constdata) for .constdata
    log_x.o(.constdata) refers (Special) to iusefp.o(.text) for __I$use$fp
    entry.o(.ARM.Collect$$$$00000000) refers (Special) to entry10a.o(.ARM.Collect$$$$0000000D) for __rt_final_cpp
    entry.o(.ARM.Collect$$$$00000000) refers (Special) to entry11a.o(.ARM.Collect$$$$0000000F) for __rt_final_exit
    entry.o(.ARM.Collect$$$$00000000) refers (Special) to entry7b.o(.ARM.Collect$$$$00000008) for _main_clock
    entry.o(.ARM.Collect$$$$00000000) refers (Special) to entry8b.o(.ARM.Collect$$$$0000000A) for _main_cpp_init
    entry.o(.ARM.Collect$$$$00000000) refers (Special) to entry9a.o(.ARM.Collect$$$$0000000B) for _main_init
    entry.o(.ARM.Collect$$$$00000000) refers (Special) to entry5.o(.ARM.Collect$$$$00000004) for _main_scatterload
    entry.o(.ARM.Collect$$$$00000000) refers (Special) to entry2.o(.ARM.Collect$$$$00000001) for _main_stk
    idiv.o(.text) refers to uidiv.o(.text) for __aeabi_uidivmod
    rand.o(.text) refers to rand.o(.data) for .data
    printfb.o(i.__0fprintf$bare) refers to printfb.o(i._printf_core) for _printf_core
    printfb.o(i.__0fprintf$bare) refers to retarget.o(i.fputc) for fputc
    printfb.o(i.__0printf$bare) refers to printfb.o(i._printf_core) for _printf_core
    printfb.o(i.__0printf$bare) refers to retarget.o(i.fputc) for fputc
    printfb.o(i.__0printf$bare) refers to retarget.o(.data) for __stdout
    printfb.o(i.__0snprintf$bare) refers to printfb.o(i._printf_core) for _printf_core
    printfb.o(i.__0snprintf$bare) refers to printfb.o(i._snputc) for _snputc
    printfb.o(i.__0sprintf$bare) refers to printfb.o(i._printf_core) for _printf_core
    printfb.o(i.__0sprintf$bare) refers to printfb.o(i._sputc) for _sputc
    printfb.o(i.__0vfprintf$bare) refers to printfb.o(i._printf_core) for _printf_core
    printfb.o(i.__0vfprintf$bare) refers to retarget.o(i.fputc) for fputc
    printfb.o(i.__0vprintf$bare) refers to printfb.o(i._printf_core) for _printf_core
    printfb.o(i.__0vprintf$bare) refers to retarget.o(i.fputc) for fputc
    printfb.o(i.__0vprintf$bare) refers to retarget.o(.data) for __stdout
    printfb.o(i.__0vsnprintf$bare) refers to printfb.o(i._printf_core) for _printf_core
    printfb.o(i.__0vsnprintf$bare) refers to printfb.o(i._snputc) for _snputc
    printfb.o(i.__0vsprintf$bare) refers to printfb.o(i._printf_core) for _printf_core
    printfb.o(i.__0vsprintf$bare) refers to printfb.o(i._sputc) for _sputc
    printf0.o(i.__0fprintf$0) refers to printf0.o(i._printf_core) for _printf_core
    printf0.o(i.__0fprintf$0) refers to retarget.o(i.fputc) for fputc
    printf0.o(i.__0printf$0) refers to printf0.o(i._printf_core) for _printf_core
    printf0.o(i.__0printf$0) refers to retarget.o(i.fputc) for fputc
    printf0.o(i.__0printf$0) refers to retarget.o(.data) for __stdout
    printf0.o(i.__0snprintf$0) refers to printf0.o(i._printf_core) for _printf_core
    printf0.o(i.__0snprintf$0) refers to printf0.o(i._snputc) for _snputc
    printf0.o(i.__0sprintf$0) refers to printf0.o(i._printf_core) for _printf_core
    printf0.o(i.__0sprintf$0) refers to printf0.o(i._sputc) for _sputc
    printf0.o(i.__0vfprintf$0) refers to printf0.o(i._printf_core) for _printf_core
    printf0.o(i.__0vfprintf$0) refers to retarget.o(i.fputc) for fputc
    printf0.o(i.__0vprintf$0) refers to printf0.o(i._printf_core) for _printf_core
    printf0.o(i.__0vprintf$0) refers to retarget.o(i.fputc) for fputc
    printf0.o(i.__0vprintf$0) refers to retarget.o(.data) for __stdout
    printf0.o(i.__0vsnprintf$0) refers to printf0.o(i._printf_core) for _printf_core
    printf0.o(i.__0vsnprintf$0) refers to printf0.o(i._snputc) for _snputc
    printf0.o(i.__0vsprintf$0) refers to printf0.o(i._printf_core) for _printf_core
    printf0.o(i.__0vsprintf$0) refers to printf0.o(i._sputc) for _sputc
    printf1.o(i.__0fprintf$1) refers to printf1.o(i._printf_core) for _printf_core
    printf1.o(i.__0fprintf$1) refers to retarget.o(i.fputc) for fputc
    printf1.o(i.__0printf$1) refers to printf1.o(i._printf_core) for _printf_core
    printf1.o(i.__0printf$1) refers to retarget.o(i.fputc) for fputc
    printf1.o(i.__0printf$1) refers to retarget.o(.data) for __stdout
    printf1.o(i.__0snprintf$1) refers to printf1.o(i._printf_core) for _printf_core
    printf1.o(i.__0snprintf$1) refers to printf1.o(i._snputc) for _snputc
    printf1.o(i.__0sprintf$1) refers to printf1.o(i._printf_core) for _printf_core
    printf1.o(i.__0sprintf$1) refers to printf1.o(i._sputc) for _sputc
    printf1.o(i.__0vfprintf$1) refers to printf1.o(i._printf_core) for _printf_core
    printf1.o(i.__0vfprintf$1) refers to retarget.o(i.fputc) for fputc
    printf1.o(i.__0vprintf$1) refers to printf1.o(i._printf_core) for _printf_core
    printf1.o(i.__0vprintf$1) refers to retarget.o(i.fputc) for fputc
    printf1.o(i.__0vprintf$1) refers to retarget.o(.data) for __stdout
    printf1.o(i.__0vsnprintf$1) refers to printf1.o(i._printf_core) for _printf_core
    printf1.o(i.__0vsnprintf$1) refers to printf1.o(i._snputc) for _snputc
    printf1.o(i.__0vsprintf$1) refers to printf1.o(i._printf_core) for _printf_core
    printf1.o(i.__0vsprintf$1) refers to printf1.o(i._sputc) for _sputc
    printf1.o(i._printf_core) refers to uidiv.o(.text) for __aeabi_uidivmod
    printf2.o(i.__0fprintf$2) refers to printf2.o(i._printf_core) for _printf_core
    printf2.o(i.__0fprintf$2) refers to retarget.o(i.fputc) for fputc
    printf2.o(i.__0printf$2) refers to printf2.o(i._printf_core) for _printf_core
    printf2.o(i.__0printf$2) refers to retarget.o(i.fputc) for fputc
    printf2.o(i.__0printf$2) refers to retarget.o(.data) for __stdout
    printf2.o(i.__0snprintf$2) refers to printf2.o(i._printf_core) for _printf_core
    printf2.o(i.__0snprintf$2) refers to printf2.o(i._snputc) for _snputc
    printf2.o(i.__0sprintf$2) refers to printf2.o(i._printf_core) for _printf_core
    printf2.o(i.__0sprintf$2) refers to printf2.o(i._sputc) for _sputc
    printf2.o(i.__0vfprintf$2) refers to printf2.o(i._printf_core) for _printf_core
    printf2.o(i.__0vfprintf$2) refers to retarget.o(i.fputc) for fputc
    printf2.o(i.__0vprintf$2) refers to printf2.o(i._printf_core) for _printf_core
    printf2.o(i.__0vprintf$2) refers to retarget.o(i.fputc) for fputc
    printf2.o(i.__0vprintf$2) refers to retarget.o(.data) for __stdout
    printf2.o(i.__0vsnprintf$2) refers to printf2.o(i._printf_core) for _printf_core
    printf2.o(i.__0vsnprintf$2) refers to printf2.o(i._snputc) for _snputc
    printf2.o(i.__0vsprintf$2) refers to printf2.o(i._printf_core) for _printf_core
    printf2.o(i.__0vsprintf$2) refers to printf2.o(i._sputc) for _sputc
    printf3.o(i.__0fprintf$3) refers to printf3.o(i._printf_core) for _printf_core
    printf3.o(i.__0fprintf$3) refers to retarget.o(i.fputc) for fputc
    printf3.o(i.__0printf$3) refers to printf3.o(i._printf_core) for _printf_core
    printf3.o(i.__0printf$3) refers to retarget.o(i.fputc) for fputc
    printf3.o(i.__0printf$3) refers to retarget.o(.data) for __stdout
    printf3.o(i.__0snprintf$3) refers to printf3.o(i._printf_core) for _printf_core
    printf3.o(i.__0snprintf$3) refers to printf3.o(i._snputc) for _snputc
    printf3.o(i.__0sprintf$3) refers to printf3.o(i._printf_core) for _printf_core
    printf3.o(i.__0sprintf$3) refers to printf3.o(i._sputc) for _sputc
    printf3.o(i.__0vfprintf$3) refers to printf3.o(i._printf_core) for _printf_core
    printf3.o(i.__0vfprintf$3) refers to retarget.o(i.fputc) for fputc
    printf3.o(i.__0vprintf$3) refers to printf3.o(i._printf_core) for _printf_core
    printf3.o(i.__0vprintf$3) refers to retarget.o(i.fputc) for fputc
    printf3.o(i.__0vprintf$3) refers to retarget.o(.data) for __stdout
    printf3.o(i.__0vsnprintf$3) refers to printf3.o(i._printf_core) for _printf_core
    printf3.o(i.__0vsnprintf$3) refers to printf3.o(i._snputc) for _snputc
    printf3.o(i.__0vsprintf$3) refers to printf3.o(i._printf_core) for _printf_core
    printf3.o(i.__0vsprintf$3) refers to printf3.o(i._sputc) for _sputc
    printf3.o(i._printf_core) refers to uidiv.o(.text) for __aeabi_uidivmod
    printf4.o(i.__0fprintf$4) refers to printf4.o(i._printf_core) for _printf_core
    printf4.o(i.__0fprintf$4) refers to retarget.o(i.fputc) for fputc
    printf4.o(i.__0printf$4) refers to printf4.o(i._printf_core) for _printf_core
    printf4.o(i.__0printf$4) refers to retarget.o(i.fputc) for fputc
    printf4.o(i.__0printf$4) refers to retarget.o(.data) for __stdout
    printf4.o(i.__0snprintf$4) refers to printf4.o(i._printf_core) for _printf_core
    printf4.o(i.__0snprintf$4) refers to printf4.o(i._snputc) for _snputc
    printf4.o(i.__0sprintf$4) refers to printf4.o(i._printf_core) for _printf_core
    printf4.o(i.__0sprintf$4) refers to printf4.o(i._sputc) for _sputc
    printf4.o(i.__0vfprintf$4) refers to printf4.o(i._printf_core) for _printf_core
    printf4.o(i.__0vfprintf$4) refers to retarget.o(i.fputc) for fputc
    printf4.o(i.__0vprintf$4) refers to printf4.o(i._printf_core) for _printf_core
    printf4.o(i.__0vprintf$4) refers to retarget.o(i.fputc) for fputc
    printf4.o(i.__0vprintf$4) refers to retarget.o(.data) for __stdout
    printf4.o(i.__0vsnprintf$4) refers to printf4.o(i._printf_core) for _printf_core
    printf4.o(i.__0vsnprintf$4) refers to printf4.o(i._snputc) for _snputc
    printf4.o(i.__0vsprintf$4) refers to printf4.o(i._printf_core) for _printf_core
    printf4.o(i.__0vsprintf$4) refers to printf4.o(i._sputc) for _sputc
    printf4.o(i._printf_core) refers to uldiv.o(.text) for __aeabi_uldivmod
    printf5.o(i.__0fprintf$5) refers to printf5.o(i._printf_core) for _printf_core
    printf5.o(i.__0fprintf$5) refers to retarget.o(i.fputc) for fputc
    printf5.o(i.__0printf$5) refers to printf5.o(i._printf_core) for _printf_core
    printf5.o(i.__0printf$5) refers to retarget.o(i.fputc) for fputc
    printf5.o(i.__0printf$5) refers to retarget.o(.data) for __stdout
    printf5.o(i.__0snprintf$5) refers to printf5.o(i._printf_core) for _printf_core
    printf5.o(i.__0snprintf$5) refers to printf5.o(i._snputc) for _snputc
    printf5.o(i.__0sprintf$5) refers to printf5.o(i._printf_core) for _printf_core
    printf5.o(i.__0sprintf$5) refers to printf5.o(i._sputc) for _sputc
    printf5.o(i.__0vfprintf$5) refers to printf5.o(i._printf_core) for _printf_core
    printf5.o(i.__0vfprintf$5) refers to retarget.o(i.fputc) for fputc
    printf5.o(i.__0vprintf$5) refers to printf5.o(i._printf_core) for _printf_core
    printf5.o(i.__0vprintf$5) refers to retarget.o(i.fputc) for fputc
    printf5.o(i.__0vprintf$5) refers to retarget.o(.data) for __stdout
    printf5.o(i.__0vsnprintf$5) refers to printf5.o(i._printf_core) for _printf_core
    printf5.o(i.__0vsnprintf$5) refers to printf5.o(i._snputc) for _snputc
    printf5.o(i.__0vsprintf$5) refers to printf5.o(i._printf_core) for _printf_core
    printf5.o(i.__0vsprintf$5) refers to printf5.o(i._sputc) for _sputc
    printf5.o(i._printf_core) refers to uldiv.o(.text) for __aeabi_uldivmod
    printf6.o(i.__0fprintf$6) refers to printf6.o(i._printf_core) for _printf_core
    printf6.o(i.__0fprintf$6) refers to retarget.o(i.fputc) for fputc
    printf6.o(i.__0printf$6) refers to printf6.o(i._printf_core) for _printf_core
    printf6.o(i.__0printf$6) refers to retarget.o(i.fputc) for fputc
    printf6.o(i.__0printf$6) refers to retarget.o(.data) for __stdout
    printf6.o(i.__0snprintf$6) refers to printf6.o(i._printf_core) for _printf_core
    printf6.o(i.__0snprintf$6) refers to printf6.o(i._snputc) for _snputc
    printf6.o(i.__0sprintf$6) refers to printf6.o(i._printf_core) for _printf_core
    printf6.o(i.__0sprintf$6) refers to printf6.o(i._sputc) for _sputc
    printf6.o(i.__0vfprintf$6) refers to printf6.o(i._printf_core) for _printf_core
    printf6.o(i.__0vfprintf$6) refers to retarget.o(i.fputc) for fputc
    printf6.o(i.__0vprintf$6) refers to printf6.o(i._printf_core) for _printf_core
    printf6.o(i.__0vprintf$6) refers to retarget.o(i.fputc) for fputc
    printf6.o(i.__0vprintf$6) refers to retarget.o(.data) for __stdout
    printf6.o(i.__0vsnprintf$6) refers to printf6.o(i._printf_core) for _printf_core
    printf6.o(i.__0vsnprintf$6) refers to printf6.o(i._snputc) for _snputc
    printf6.o(i.__0vsprintf$6) refers to printf6.o(i._printf_core) for _printf_core
    printf6.o(i.__0vsprintf$6) refers to printf6.o(i._sputc) for _sputc
    printf6.o(i._printf_core) refers to printf6.o(i._printf_pre_padding) for _printf_pre_padding
    printf6.o(i._printf_core) refers to printf6.o(i._printf_post_padding) for _printf_post_padding
    printf6.o(i._printf_core) refers to uidiv.o(.text) for __aeabi_uidivmod
    printf7.o(i.__0fprintf$7) refers to printf7.o(i._printf_core) for _printf_core
    printf7.o(i.__0fprintf$7) refers to retarget.o(i.fputc) for fputc
    printf7.o(i.__0printf$7) refers to printf7.o(i._printf_core) for _printf_core
    printf7.o(i.__0printf$7) refers to retarget.o(i.fputc) for fputc
    printf7.o(i.__0printf$7) refers to retarget.o(.data) for __stdout
    printf7.o(i.__0snprintf$7) refers to printf7.o(i._printf_core) for _printf_core
    printf7.o(i.__0snprintf$7) refers to printf7.o(i._snputc) for _snputc
    printf7.o(i.__0sprintf$7) refers to printf7.o(i._printf_core) for _printf_core
    printf7.o(i.__0sprintf$7) refers to printf7.o(i._sputc) for _sputc
    printf7.o(i.__0vfprintf$7) refers to printf7.o(i._printf_core) for _printf_core
    printf7.o(i.__0vfprintf$7) refers to retarget.o(i.fputc) for fputc
    printf7.o(i.__0vprintf$7) refers to printf7.o(i._printf_core) for _printf_core
    printf7.o(i.__0vprintf$7) refers to retarget.o(i.fputc) for fputc
    printf7.o(i.__0vprintf$7) refers to retarget.o(.data) for __stdout
    printf7.o(i.__0vsnprintf$7) refers to printf7.o(i._printf_core) for _printf_core
    printf7.o(i.__0vsnprintf$7) refers to printf7.o(i._snputc) for _snputc
    printf7.o(i.__0vsprintf$7) refers to printf7.o(i._printf_core) for _printf_core
    printf7.o(i.__0vsprintf$7) refers to printf7.o(i._sputc) for _sputc
    printf7.o(i._printf_core) refers to printf7.o(i._printf_pre_padding) for _printf_pre_padding
    printf7.o(i._printf_core) refers to printf7.o(i._printf_post_padding) for _printf_post_padding
    printf7.o(i._printf_core) refers to uldiv.o(.text) for __aeabi_uldivmod
    printf8.o(i.__0fprintf$8) refers to printf8.o(i._printf_core) for _printf_core
    printf8.o(i.__0fprintf$8) refers to retarget.o(i.fputc) for fputc
    printf8.o(i.__0printf$8) refers to printf8.o(i._printf_core) for _printf_core
    printf8.o(i.__0printf$8) refers to retarget.o(i.fputc) for fputc
    printf8.o(i.__0printf$8) refers to retarget.o(.data) for __stdout
    printf8.o(i.__0snprintf$8) refers to printf8.o(i._printf_core) for _printf_core
    printf8.o(i.__0snprintf$8) refers to printf8.o(i._snputc) for _snputc
    printf8.o(i.__0sprintf$8) refers to printf8.o(i._printf_core) for _printf_core
    printf8.o(i.__0sprintf$8) refers to printf8.o(i._sputc) for _sputc
    printf8.o(i.__0vfprintf$8) refers to printf8.o(i._printf_core) for _printf_core
    printf8.o(i.__0vfprintf$8) refers to retarget.o(i.fputc) for fputc
    printf8.o(i.__0vprintf$8) refers to printf8.o(i._printf_core) for _printf_core
    printf8.o(i.__0vprintf$8) refers to retarget.o(i.fputc) for fputc
    printf8.o(i.__0vprintf$8) refers to retarget.o(.data) for __stdout
    printf8.o(i.__0vsnprintf$8) refers to printf8.o(i._printf_core) for _printf_core
    printf8.o(i.__0vsnprintf$8) refers to printf8.o(i._snputc) for _snputc
    printf8.o(i.__0vsprintf$8) refers to printf8.o(i._printf_core) for _printf_core
    printf8.o(i.__0vsprintf$8) refers to printf8.o(i._sputc) for _sputc
    printf8.o(i._printf_core) refers to printf8.o(i._printf_pre_padding) for _printf_pre_padding
    printf8.o(i._printf_core) refers to printf8.o(i._printf_post_padding) for _printf_post_padding
    printf8.o(i._printf_core) refers to uldiv.o(.text) for __aeabi_uldivmod
    printfa.o(i.__0fprintf) refers (Special) to iusefp.o(.text) for __I$use$fp
    printfa.o(i.__0fprintf) refers to printfa.o(i._printf_core) for _printf_core
    printfa.o(i.__0fprintf) refers to retarget.o(i.fputc) for fputc
    printfa.o(i.__0printf) refers (Special) to iusefp.o(.text) for __I$use$fp
    printfa.o(i.__0printf) refers to printfa.o(i._printf_core) for _printf_core
    printfa.o(i.__0printf) refers to retarget.o(i.fputc) for fputc
    printfa.o(i.__0printf) refers to retarget.o(.data) for __stdout
    printfa.o(i.__0snprintf) refers (Special) to iusefp.o(.text) for __I$use$fp
    printfa.o(i.__0snprintf) refers to printfa.o(i._printf_core) for _printf_core
    printfa.o(i.__0snprintf) refers to printfa.o(i._snputc) for _snputc
    printfa.o(i.__0sprintf) refers (Special) to iusefp.o(.text) for __I$use$fp
    printfa.o(i.__0sprintf) refers to printfa.o(i._printf_core) for _printf_core
    printfa.o(i.__0sprintf) refers to printfa.o(i._sputc) for _sputc
    printfa.o(i.__0vfprintf) refers (Special) to iusefp.o(.text) for __I$use$fp
    printfa.o(i.__0vfprintf) refers to printfa.o(i._printf_core) for _printf_core
    printfa.o(i.__0vfprintf) refers to retarget.o(i.fputc) for fputc
    printfa.o(i.__0vprintf) refers (Special) to iusefp.o(.text) for __I$use$fp
    printfa.o(i.__0vprintf) refers to printfa.o(i._printf_core) for _printf_core
    printfa.o(i.__0vprintf) refers to retarget.o(i.fputc) for fputc
    printfa.o(i.__0vprintf) refers to retarget.o(.data) for __stdout
    printfa.o(i.__0vsnprintf) refers (Special) to iusefp.o(.text) for __I$use$fp
    printfa.o(i.__0vsnprintf) refers to printfa.o(i._printf_core) for _printf_core
    printfa.o(i.__0vsnprintf) refers to printfa.o(i._snputc) for _snputc
    printfa.o(i.__0vsprintf) refers (Special) to iusefp.o(.text) for __I$use$fp
    printfa.o(i.__0vsprintf) refers to printfa.o(i._printf_core) for _printf_core
    printfa.o(i.__0vsprintf) refers to printfa.o(i._sputc) for _sputc
    printfa.o(i._fp_digits) refers (Special) to iusefp.o(.text) for __I$use$fp
    printfa.o(i._fp_digits) refers to dmul.o(.text) for __aeabi_dmul
    printfa.o(i._fp_digits) refers to ddiv.o(.text) for __aeabi_ddiv
    printfa.o(i._fp_digits) refers to cdrcmple.o(.text) for __aeabi_cdrcmple
    printfa.o(i._fp_digits) refers to dadd.o(.text) for __aeabi_dadd
    printfa.o(i._fp_digits) refers to dfixul.o(.text) for __aeabi_d2ulz
    printfa.o(i._fp_digits) refers to uldiv.o(.text) for __aeabi_uldivmod
    printfa.o(i._printf_core) refers (Special) to iusefp.o(.text) for __I$use$fp
    printfa.o(i._printf_core) refers to printfa.o(i._printf_pre_padding) for _printf_pre_padding
    printfa.o(i._printf_core) refers to uldiv.o(.text) for __aeabi_uldivmod
    printfa.o(i._printf_core) refers to printfa.o(i._printf_post_padding) for _printf_post_padding
    printfa.o(i._printf_core) refers to printfa.o(i._fp_digits) for _fp_digits
    printfa.o(i._printf_core) refers to uidiv.o(.text) for __aeabi_uidivmod
    printfa.o(i._printf_post_padding) refers (Special) to iusefp.o(.text) for __I$use$fp
    printfa.o(i._printf_pre_padding) refers (Special) to iusefp.o(.text) for __I$use$fp
    printfa.o(i._snputc) refers (Special) to iusefp.o(.text) for __I$use$fp
    printfa.o(i._sputc) refers (Special) to iusefp.o(.text) for __I$use$fp
    dadd.o(.text) refers (Special) to iusefp.o(.text) for __I$use$fp
    dadd.o(.text) refers to llshl.o(.text) for __aeabi_llsl
    dadd.o(.text) refers to llsshr.o(.text) for __aeabi_lasr
    dadd.o(.text) refers to depilogue.o(.text) for _double_epilogue
    ddiv.o(.text) refers (Special) to iusefp.o(.text) for __I$use$fp
    ddiv.o(.text) refers to depilogue.o(.text) for _double_round
    dflti.o(.text) refers (Special) to iusefp.o(.text) for __I$use$fp
    dflti.o(.text) refers to depilogue.o(.text) for _double_epilogue
    dfixi.o(.text) refers (Special) to iusefp.o(.text) for __I$use$fp
    dfixi.o(.text) refers to llushr.o(.text) for __aeabi_llsr
    dunder.o(i.__mathlib_dbl_divzero) refers to ddiv.o(.text) for __aeabi_ddiv
    dunder.o(i.__mathlib_dbl_infnan) refers to dscalb.o(.text) for __ARM_scalbn
    dunder.o(i.__mathlib_dbl_infnan2) refers to dadd.o(.text) for __aeabi_dadd
    dunder.o(i.__mathlib_dbl_invalid) refers to ddiv.o(.text) for __aeabi_ddiv
    dunder.o(i.__mathlib_dbl_overflow) refers to dscalb.o(.text) for __ARM_scalbn
    dunder.o(i.__mathlib_dbl_posinfnan) refers to dmul.o(.text) for __aeabi_dmul
    dunder.o(i.__mathlib_dbl_underflow) refers to dscalb.o(.text) for __ARM_scalbn
    poly.o(i.__kernel_poly) refers (Special) to iusefp.o(.text) for __I$use$fp
    poly.o(i.__kernel_poly) refers to dmul.o(.text) for __aeabi_dmul
    poly.o(i.__kernel_poly) refers to dadd.o(.text) for __aeabi_dadd
    qnan.o(.constdata) refers (Special) to iusefp.o(.text) for __I$use$fp
    entry2.o(.ARM.Collect$$$$00000001) refers to entry2.o(.ARM.Collect$$$$00002712) for __lit__00000000
    entry2.o(.ARM.Collect$$$$00002712) refers to startup_m051series.o(STACK) for __initial_sp
    entry2.o(__vectab_stack_and_reset_area) refers to startup_m051series.o(STACK) for __initial_sp
    entry2.o(__vectab_stack_and_reset_area) refers to entry.o(.ARM.Collect$$$$00000000) for __main
    entry5.o(.ARM.Collect$$$$00000004) refers to init.o(.text) for __scatterload
    entry9a.o(.ARM.Collect$$$$0000000B) refers to main.o(i.main) for main
    entry9b.o(.ARM.Collect$$$$0000000C) refers to main.o(i.main) for main
    uldiv.o(.text) refers to llushr.o(.text) for __aeabi_llsr
    uldiv.o(.text) refers to llshl.o(.text) for __aeabi_llsl
    errno.o(i.__aeabi_errno_addr) refers to errno.o(.data) for .data
    errno.o(i.__read_errno) refers to errno.o(.data) for .data
    errno.o(i.__set_errno) refers to errno.o(.data) for .data
    depilogue.o(.text) refers to depilogue.o(i.__ARM_clz) for __ARM_clz
    depilogue.o(.text) refers to llshl.o(.text) for __aeabi_llsl
    depilogue.o(.text) refers to llushr.o(.text) for __aeabi_llsr
    dmul.o(.text) refers to depilogue.o(.text) for _double_epilogue
    dfixul.o(.text) refers to llushr.o(.text) for __aeabi_llsr
    dfixul.o(.text) refers to llshl.o(.text) for __aeabi_llsl
    init.o(.text) refers to entry5.o(.ARM.Collect$$$$00000004) for __main_after_scatterload


==============================================================================

Removing Unused input sections from the image.

    Removing system_m051series.o(.rev16_text), (4 bytes).
    Removing system_m051series.o(.revsh_text), (4 bytes).
    Removing system_m051series.o(i.SystemCoreClockUpdate), (144 bytes).
    Removing system_m051series.o(.constdata), (32 bytes).
    Removing startup_m051series.o(HEAP), (0 bytes).
    Removing main.o(.rev16_text), (4 bytes).
    Removing main.o(.revsh_text), (4 bytes).
    Removing main.o(i.I2C0_Close), (48 bytes).
    Removing main.o(i.I2C0_SYS_Init), (188 bytes).
    Removing main.o(.data), (1 bytes).
    Removing main.o(.data), (1 bytes).
    Removing retarget.o(.rev16_text), (4 bytes).
    Removing retarget.o(.revsh_text), (4 bytes).
    Removing retarget.o(i.GetChar), (46 bytes).
    Removing retarget.o(i.IsDebugFifoEmpty), (16 bytes).
    Removing retarget.o(i.SendChar_ToUART), (32 bytes).
    Removing retarget.o(i._sys_exit), (28 bytes).
    Removing retarget.o(i._ttywrch), (8 bytes).
    Removing retarget.o(i.ferror), (6 bytes).
    Removing retarget.o(i.fgetc), (8 bytes).
    Removing retarget.o(i.kbhit), (16 bytes).
    Removing retarget.o(.data), (4 bytes).
    Removing adc.o(.rev16_text), (4 bytes).
    Removing adc.o(.revsh_text), (4 bytes).
    Removing adc.o(i.ADC_Close), (22 bytes).
    Removing adc.o(i.ADC_DisableHWTrigger), (20 bytes).
    Removing adc.o(i.ADC_DisableInt), (44 bytes).
    Removing adc.o(i.ADC_EnableHWTrigger), (60 bytes).
    Removing adc.o(i.ADC_EnableInt), (44 bytes).
    Removing adc.o(i.ADC_Open), (36 bytes).
    Removing clk.o(.rev16_text), (4 bytes).
    Removing clk.o(.revsh_text), (4 bytes).
    Removing clk.o(i.CLK_DisableCKO), (16 bytes).
    Removing clk.o(i.CLK_DisableModuleClock), (28 bytes).
    Removing clk.o(i.CLK_DisablePLL), (16 bytes).
    Removing clk.o(i.CLK_DisableSysTick), (12 bytes).
    Removing clk.o(i.CLK_DisableXtalRC), (16 bytes).
    Removing clk.o(i.CLK_EnableCKO), (44 bytes).
    Removing clk.o(i.CLK_EnableModuleClock), (28 bytes).
    Removing clk.o(i.CLK_EnablePLL), (408 bytes).
    Removing clk.o(i.CLK_EnableSysTick), (56 bytes).
    Removing clk.o(i.CLK_EnableXtalRC), (16 bytes).
    Removing clk.o(i.CLK_GetCPUFreq), (16 bytes).
    Removing clk.o(i.CLK_GetHCLKFreq), (16 bytes).
    Removing clk.o(i.CLK_GetHXTFreq), (20 bytes).
    Removing clk.o(i.CLK_GetPCLKFreq), (16 bytes).
    Removing clk.o(i.CLK_Idle), (32 bytes).
    Removing clk.o(i.CLK_PowerDown), (36 bytes).
    Removing clk.o(i.CLK_SetCoreClock), (120 bytes).
    Removing clk.o(i.CLK_SetHCLK), (76 bytes).
    Removing clk.o(i.CLK_SetModuleClock), (80 bytes).
    Removing clk.o(i.CLK_SetSysTickClockSrc), (20 bytes).
    Removing clk.o(i.CLK_WaitClockReady), (44 bytes).
    Removing fmc.o(.rev16_text), (4 bytes).
    Removing fmc.o(.revsh_text), (4 bytes).
    Removing fmc.o(i.FMC_Close), (16 bytes).
    Removing fmc.o(i.FMC_DisableAPUpdate), (16 bytes).
    Removing fmc.o(i.FMC_DisableConfigUpdate), (16 bytes).
    Removing fmc.o(i.FMC_DisableLDUpdate), (16 bytes).
    Removing fmc.o(i.FMC_EnableAPUpdate), (16 bytes).
    Removing fmc.o(i.FMC_EnableConfigUpdate), (16 bytes).
    Removing fmc.o(i.FMC_EnableLDUpdate), (16 bytes).
    Removing fmc.o(i.FMC_GetBootSource), (20 bytes).
    Removing fmc.o(i.FMC_Open), (16 bytes).
    Removing fmc.o(i.FMC_Read), (32 bytes).
    Removing fmc.o(i.FMC_ReadConfig), (34 bytes).
    Removing fmc.o(i.FMC_ReadDataFlashBaseAddr), (12 bytes).
    Removing fmc.o(i.FMC_SetBootSource), (24 bytes).
    Removing fmc.o(i.FMC_WriteConfig), (76 bytes).
    Removing i2c.o(.rev16_text), (4 bytes).
    Removing i2c.o(.revsh_text), (4 bytes).
    Removing i2c.o(i.I2C_ClearTimeoutFlag), (10 bytes).
    Removing i2c.o(i.I2C_Close), (56 bytes).
    Removing i2c.o(i.I2C_DisableInt), (10 bytes).
    Removing i2c.o(i.I2C_DisableTimeout), (10 bytes).
    Removing i2c.o(i.I2C_DisableWakeup), (10 bytes).
    Removing i2c.o(i.I2C_EnableInt), (10 bytes).
    Removing i2c.o(i.I2C_EnableTimeout), (26 bytes).
    Removing i2c.o(i.I2C_EnableWakeup), (10 bytes).
    Removing i2c.o(i.I2C_GetBusClockFreq), (24 bytes).
    Removing i2c.o(i.I2C_GetData), (6 bytes).
    Removing i2c.o(i.I2C_GetIntFlag), (8 bytes).
    Removing i2c.o(i.I2C_GetStatus), (4 bytes).
    Removing i2c.o(i.I2C_Open), (56 bytes).
    Removing i2c.o(i.I2C_SetBusClockFreq), (48 bytes).
    Removing i2c.o(i.I2C_SetData), (4 bytes).
    Removing i2c.o(i.I2C_SetSlaveAddr), (32 bytes).
    Removing i2c.o(i.I2C_SetSlaveAddrMask), (30 bytes).
    Removing i2c.o(i.I2C_Trigger), (48 bytes).
    Removing pwm.o(.rev16_text), (4 bytes).
    Removing pwm.o(.revsh_text), (4 bytes).
    Removing pwm.o(i.PWM_ClearADCTriggerFlag), (10 bytes).
    Removing pwm.o(i.PWM_ClearCaptureIntFlag), (56 bytes).
    Removing pwm.o(i.PWM_ClearDutyIntFlag), (10 bytes).
    Removing pwm.o(i.PWM_ClearPeriodIntFlag), (8 bytes).
    Removing pwm.o(i.PWM_ConfigCaptureChannel), (284 bytes).
    Removing pwm.o(i.PWM_ConfigOutputChannel), (320 bytes).
    Removing pwm.o(i.PWM_DisableADCTrigger), (16 bytes).
    Removing pwm.o(i.PWM_DisableCapture), (62 bytes).
    Removing pwm.o(i.PWM_DisableCaptureInt), (28 bytes).
    Removing pwm.o(i.PWM_DisableDeadZone), (14 bytes).
    Removing pwm.o(i.PWM_DisableDutyInt), (14 bytes).
    Removing pwm.o(i.PWM_DisableOutput), (8 bytes).
    Removing pwm.o(i.PWM_DisablePeriodInt), (12 bytes).
    Removing pwm.o(i.PWM_EnableADCTrigger), (22 bytes).
    Removing pwm.o(i.PWM_EnableCapture), (62 bytes).
    Removing pwm.o(i.PWM_EnableCaptureInt), (28 bytes).
    Removing pwm.o(i.PWM_EnableDeadZone), (36 bytes).
    Removing pwm.o(i.PWM_EnableDutyInt), (30 bytes).
    Removing pwm.o(i.PWM_EnableOutput), (8 bytes).
    Removing pwm.o(i.PWM_EnablePeriodInt), (28 bytes).
    Removing pwm.o(i.PWM_ForceStop), (38 bytes).
    Removing pwm.o(i.PWM_GetADCTriggerFlag), (16 bytes).
    Removing pwm.o(i.PWM_GetCaptureIntFlag), (34 bytes).
    Removing pwm.o(i.PWM_GetDutyIntFlag), (16 bytes).
    Removing pwm.o(i.PWM_GetPeriodIntFlag), (14 bytes).
    Removing pwm.o(i.PWM_Start), (38 bytes).
    Removing pwm.o(i.PWM_Stop), (32 bytes).
    Removing pwm.o(.constdata), (168 bytes).
    Removing sys.o(.rev16_text), (4 bytes).
    Removing sys.o(.revsh_text), (4 bytes).
    Removing sys.o(i.SYS_ClearResetSrc), (12 bytes).
    Removing sys.o(i.SYS_DisableBOD), (14 bytes).
    Removing sys.o(i.SYS_EnableBOD), (36 bytes).
    Removing sys.o(i.SYS_GetBODStatus), (12 bytes).
    Removing sys.o(i.SYS_GetResetSrc), (8 bytes).
    Removing sys.o(i.SYS_IsRegLocked), (16 bytes).
    Removing sys.o(i.SYS_ReadPDID), (8 bytes).
    Removing sys.o(i.SYS_ResetCPU), (14 bytes).
    Removing sys.o(i.SYS_ResetChip), (14 bytes).
    Removing sys.o(i.SYS_ResetModule), (26 bytes).
    Removing uart.o(.rev16_text), (4 bytes).
    Removing uart.o(.revsh_text), (4 bytes).
    Removing uart.o(i.CLK_GetPLLClockFreq), (88 bytes).
    Removing uart.o(i.UART_ClearIntFlag), (48 bytes).
    Removing uart.o(i.UART_Close), (6 bytes).
    Removing uart.o(i.UART_DisableFlowCtrl), (12 bytes).
    Removing uart.o(i.UART_DisableInt), (36 bytes).
    Removing uart.o(i.UART_EnableFlowCtrl), (30 bytes).
    Removing uart.o(i.UART_EnableInt), (36 bytes).
    Removing uart.o(i.UART_Open), (136 bytes).
    Removing uart.o(i.UART_Read), (44 bytes).
    Removing uart.o(i.UART_SelectIrDAMode), (132 bytes).
    Removing uart.o(i.UART_SelectLINMode), (24 bytes).
    Removing uart.o(i.UART_SelectRS485Mode), (32 bytes).
    Removing uart.o(i.UART_SetLine_Config), (128 bytes).
    Removing uart.o(i.UART_SetTimeoutCnt), (22 bytes).
    Removing uart.o(i.UART_Write), (44 bytes).
    Removing uart.o(.constdata), (48 bytes).
    Removing dfixul.o(.text), (64 bytes).
    Removing cdrcmple.o(.text), (40 bytes).

151 unused section(s) (total 5270 bytes) removed from the image.

==============================================================================

Image Symbol Table

    Local Symbols

    Symbol Name                              Value     Ov Type        Size  Object(Section)

    RESET                                    0x00000000   Section      192  startup_m051series.o(RESET)
    ../clib/microlib/division.c              0x00000000   Number         0  uldiv.o ABSOLUTE
    ../clib/microlib/division.c              0x00000000   Number         0  idiv.o ABSOLUTE
    ../clib/microlib/division.c              0x00000000   Number         0  uidiv.o ABSOLUTE
    ../clib/microlib/errno.c                 0x00000000   Number         0  errno.o ABSOLUTE
    ../clib/microlib/init/entry.s            0x00000000   Number         0  entry7b.o ABSOLUTE
    ../clib/microlib/init/entry.s            0x00000000   Number         0  entry7a.o ABSOLUTE
    ../clib/microlib/init/entry.s            0x00000000   Number         0  entry11b.o ABSOLUTE
    ../clib/microlib/init/entry.s            0x00000000   Number         0  entry11a.o ABSOLUTE
    ../clib/microlib/init/entry.s            0x00000000   Number         0  entry10b.o ABSOLUTE
    ../clib/microlib/init/entry.s            0x00000000   Number         0  entry10a.o ABSOLUTE
    ../clib/microlib/init/entry.s            0x00000000   Number         0  entry9a.o ABSOLUTE
    ../clib/microlib/init/entry.s            0x00000000   Number         0  entry8b.o ABSOLUTE
    ../clib/microlib/init/entry.s            0x00000000   Number         0  entry8a.o ABSOLUTE
    ../clib/microlib/init/entry.s            0x00000000   Number         0  entry9b.o ABSOLUTE
    ../clib/microlib/init/entry.s            0x00000000   Number         0  entry5.o ABSOLUTE
    ../clib/microlib/init/entry.s            0x00000000   Number         0  entry2.o ABSOLUTE
    ../clib/microlib/init/entry.s            0x00000000   Number         0  entry.o ABSOLUTE
    ../clib/microlib/longlong.c              0x00000000   Number         0  llsshr.o ABSOLUTE
    ../clib/microlib/longlong.c              0x00000000   Number         0  llushr.o ABSOLUTE
    ../clib/microlib/longlong.c              0x00000000   Number         0  llshl.o ABSOLUTE
    ../clib/microlib/printf/printf.c         0x00000000   Number         0  printf3.o ABSOLUTE
    ../clib/microlib/printf/printf.c         0x00000000   Number         0  printfa.o ABSOLUTE
    ../clib/microlib/printf/printf.c         0x00000000   Number         0  printf4.o ABSOLUTE
    ../clib/microlib/printf/printf.c         0x00000000   Number         0  printf8.o ABSOLUTE
    ../clib/microlib/printf/printf.c         0x00000000   Number         0  printf1.o ABSOLUTE
    ../clib/microlib/printf/printf.c         0x00000000   Number         0  printf0.o ABSOLUTE
    ../clib/microlib/printf/printf.c         0x00000000   Number         0  printfb.o ABSOLUTE
    ../clib/microlib/printf/printf.c         0x00000000   Number         0  printf2.o ABSOLUTE
    ../clib/microlib/printf/printf.c         0x00000000   Number         0  printf5.o ABSOLUTE
    ../clib/microlib/printf/printf.c         0x00000000   Number         0  printf6.o ABSOLUTE
    ../clib/microlib/printf/printf.c         0x00000000   Number         0  printf7.o ABSOLUTE
    ../clib/microlib/printf/stubs.s          0x00000000   Number         0  stubs.o ABSOLUTE
    ../clib/microlib/stdlib/rand.c           0x00000000   Number         0  rand.o ABSOLUTE
    ../clib/microlib/string/memcpy.c         0x00000000   Number         0  memcpya.o ABSOLUTE
    ../clib/microlib/string/memcpy.c         0x00000000   Number         0  memcpyb.o ABSOLUTE
    ../clib/microlib/string/strncat.c        0x00000000   Number         0  strncat.o ABSOLUTE
    ../clib/microlib/string/strncpy.c        0x00000000   Number         0  strncpy.o ABSOLUTE
    ../clib/microlib/stubs.s                 0x00000000   Number         0  iusefp.o ABSOLUTE
    ../fplib/microlib/fpadd.c                0x00000000   Number         0  dadd.o ABSOLUTE
    ../fplib/microlib/fpdiv.c                0x00000000   Number         0  ddiv.o ABSOLUTE
    ../fplib/microlib/fpepilogue.c           0x00000000   Number         0  depilogue.o ABSOLUTE
    ../fplib/microlib/fpfix.c                0x00000000   Number         0  dfixi.o ABSOLUTE
    ../fplib/microlib/fpfix.c                0x00000000   Number         0  dfixul.o ABSOLUTE
    ../fplib/microlib/fpflt.c                0x00000000   Number         0  dflti.o ABSOLUTE
    ../fplib/microlib/fpmul.c                0x00000000   Number         0  dmul.o ABSOLUTE
    ../fplib/microlib/fpscalb.c              0x00000000   Number         0  dscalb.o ABSOLUTE
    ../mathlib/dunder.c                      0x00000000   Number         0  dunder.o ABSOLUTE
    ../mathlib/log.c                         0x00000000   Number         0  log_x.o ABSOLUTE
    ../mathlib/log.c                         0x00000000   Number         0  log.o ABSOLUTE
    ../mathlib/poly.c                        0x00000000   Number         0  poly.o ABSOLUTE
    ../mathlib/qnan.c                        0x00000000   Number         0  qnan.o ABSOLUTE
    ..\..\Library\Device\Nuvoton\M051Series\Source\ARM\startup_M051Series.s 0x00000000   Number         0  startup_m051series.o ABSOLUTE
    ..\..\Library\Device\Nuvoton\M051Series\Source\system_M051Series.c 0x00000000   Number         0  system_m051series.o ABSOLUTE
    ..\..\Library\StdDriver\src\FMC.c        0x00000000   Number         0  fmc.o ABSOLUTE
    ..\..\Library\StdDriver\src\adc.c        0x00000000   Number         0  adc.o ABSOLUTE
    ..\..\Library\StdDriver\src\clk.c        0x00000000   Number         0  clk.o ABSOLUTE
    ..\..\Library\StdDriver\src\i2c.c        0x00000000   Number         0  i2c.o ABSOLUTE
    ..\..\Library\StdDriver\src\pwm.c        0x00000000   Number         0  pwm.o ABSOLUTE
    ..\..\Library\StdDriver\src\retarget.c   0x00000000   Number         0  retarget.o ABSOLUTE
    ..\..\Library\StdDriver\src\sys.c        0x00000000   Number         0  sys.o ABSOLUTE
    ..\..\Library\StdDriver\src\uart.c       0x00000000   Number         0  uart.o ABSOLUTE
    ..\\..\\Library\\Device\\Nuvoton\\M051Series\\Source\\system_M051Series.c 0x00000000   Number         0  system_m051series.o ABSOLUTE
    ..\\..\\Library\\StdDriver\\src\\FMC.c   0x00000000   Number         0  fmc.o ABSOLUTE
    ..\\..\\Library\\StdDriver\\src\\adc.c   0x00000000   Number         0  adc.o ABSOLUTE
    ..\\..\\Library\\StdDriver\\src\\clk.c   0x00000000   Number         0  clk.o ABSOLUTE
    ..\\..\\Library\\StdDriver\\src\\i2c.c   0x00000000   Number         0  i2c.o ABSOLUTE
    ..\\..\\Library\\StdDriver\\src\\pwm.c   0x00000000   Number         0  pwm.o ABSOLUTE
    ..\\..\\Library\\StdDriver\\src\\retarget.c 0x00000000   Number         0  retarget.o ABSOLUTE
    ..\\..\\Library\\StdDriver\\src\\sys.c   0x00000000   Number         0  sys.o ABSOLUTE
    ..\\..\\Library\\StdDriver\\src\\uart.c  0x00000000   Number         0  uart.o ABSOLUTE
    ..\\main.c                               0x00000000   Number         0  main.o ABSOLUTE
    ..\main.c                                0x00000000   Number         0  main.o ABSOLUTE
    cdcmple.s                                0x00000000   Number         0  cdcmple.o ABSOLUTE
    cdrcmple.s                               0x00000000   Number         0  cdrcmple.o ABSOLUTE
    handlers.s                               0x00000000   Number         0  handlers.o ABSOLUTE
    init.s                                   0x00000000   Number         0  init.o ABSOLUTE
    .ARM.Collect$$$$00000000                 0x000000c0   Section        0  entry.o(.ARM.Collect$$$$00000000)
    .ARM.Collect$$$$00000001                 0x000000c0   Section        4  entry2.o(.ARM.Collect$$$$00000001)
    .ARM.Collect$$$$00000004                 0x000000c4   Section        4  entry5.o(.ARM.Collect$$$$00000004)
    .ARM.Collect$$$$00000008                 0x000000c8   Section        0  entry7b.o(.ARM.Collect$$$$00000008)
    .ARM.Collect$$$$0000000A                 0x000000c8   Section        0  entry8b.o(.ARM.Collect$$$$0000000A)
    .ARM.Collect$$$$0000000B                 0x000000c8   Section        8  entry9a.o(.ARM.Collect$$$$0000000B)
    .ARM.Collect$$$$0000000D                 0x000000d0   Section        0  entry10a.o(.ARM.Collect$$$$0000000D)
    .ARM.Collect$$$$0000000F                 0x000000d0   Section        0  entry11a.o(.ARM.Collect$$$$0000000F)
    .ARM.Collect$$$$00002712                 0x000000d0   Section        4  entry2.o(.ARM.Collect$$$$00002712)
    __lit__00000000                          0x000000d0   Data           4  entry2.o(.ARM.Collect$$$$00002712)
    .emb_text                                0x000000d4   Section       86  retarget.o(.emb_text)
    .text                                    0x0000012c   Section       76  startup_m051series.o(.text)
    Default_Handler                          0x00000157   Thumb Code     2  startup_m051series.o(.text)
    .text                                    0x00000178   Section        0  uidiv.o(.text)
    .text                                    0x000001a4   Section        0  idiv.o(.text)
    .text                                    0x000001cc   Section        0  rand.o(.text)
    .text                                    0x000001f0   Section        0  memcpya.o(.text)
    .text                                    0x00000214   Section        0  strncpy.o(.text)
    .text                                    0x0000022e   Section        0  strncat.o(.text)
    .text                                    0x00000258   Section        0  dadd.o(.text)
    .text                                    0x000003bc   Section        0  ddiv.o(.text)
    .text                                    0x000004ac   Section        0  dflti.o(.text)
    .text                                    0x000004d4   Section        0  dfixi.o(.text)
    .text                                    0x0000051c   Section        0  uldiv.o(.text)
    .text                                    0x0000057c   Section        0  llshl.o(.text)
    .text                                    0x0000059c   Section        0  llushr.o(.text)
    .text                                    0x000005be   Section        0  llsshr.o(.text)
    .text                                    0x000005e4   Section        0  iusefp.o(.text)
    .text                                    0x000005e4   Section        0  depilogue.o(.text)
    .text                                    0x000006a4   Section        0  dmul.o(.text)
    .text                                    0x00000774   Section        0  dscalb.o(.text)
    .text                                    0x000007a0   Section       40  cdcmple.o(.text)
    .text                                    0x000007c8   Section       36  init.o(.text)
    i.AdcContScanModeTest                    0x000007ec   Section        0  main.o(i.AdcContScanModeTest)
    i.GetPin                                 0x00000920   Section        0  main.o(i.GetPin)
    i.Hard_Fault_Handler                     0x00000934   Section        0  retarget.o(i.Hard_Fault_Handler)
    __tagsym$$used                           0x00000935   Number         0  retarget.o(i.Hard_Fault_Handler)
    i.I2C0_IRQHandler                        0x0000095c   Section        0  main.o(i.I2C0_IRQHandler)
    i.I2C0_Init                              0x00000984   Section        0  main.o(i.I2C0_Init)
    i.I2C_SlaveTRx                           0x00000a30   Section        0  main.o(i.I2C_SlaveTRx)
    i.ReadPanel                              0x00000b68   Section        0  main.o(i.ReadPanel)
    i.SYS_Init                               0x000010e0   Section        0  main.o(i.SYS_Init)
    i.SendChar                               0x00001234   Section        0  retarget.o(i.SendChar)
    i.SetIndicatorLights                     0x0000126c   Section        0  main.o(i.SetIndicatorLights)
    i.SetPin                                 0x000012b8   Section        0  main.o(i.SetPin)
    i.SetPwmLightRing                        0x000012cc   Section        0  main.o(i.SetPwmLightRing)
    i.SystemInit                             0x00001334   Section        0  system_m051series.o(i.SystemInit)
    i.TMR0_IRQHandler                        0x00001338   Section        0  main.o(i.TMR0_IRQHandler)
    i.UART0_Init                             0x00001358   Section        0  main.o(i.UART0_Init)
    i.__0printf$8                            0x00001380   Section        0  printf8.o(i.__0printf$8)
    i.__0sprintf$8                           0x000013a0   Section        0  printf8.o(i.__0sprintf$8)
    i.__ARM_clz                              0x000013c8   Section        0  depilogue.o(i.__ARM_clz)
    i.__ARM_common_switch8                   0x000013f6   Section        0  main.o(i.__ARM_common_switch8)
    i.__kernel_poly                          0x00001410   Section        0  poly.o(i.__kernel_poly)
    i.__mathlib_dbl_divzero                  0x000014bc   Section        0  dunder.o(i.__mathlib_dbl_divzero)
    i.__mathlib_dbl_infnan                   0x000014d0   Section        0  dunder.o(i.__mathlib_dbl_infnan)
    i.__mathlib_dbl_invalid                  0x000014da   Section        0  dunder.o(i.__mathlib_dbl_invalid)
    i.__scatterload_copy                     0x000014ea   Section       14  handlers.o(i.__scatterload_copy)
    i.__scatterload_null                     0x000014f8   Section        2  handlers.o(i.__scatterload_null)
    i.__scatterload_zeroinit                 0x000014fa   Section       14  handlers.o(i.__scatterload_zeroinit)
    i.__set_errno                            0x00001508   Section        0  errno.o(i.__set_errno)
    i._printf_core                           0x00001514   Section        0  printf8.o(i._printf_core)
    _printf_core                             0x00001515   Thumb Code  1020  printf8.o(i._printf_core)
    i._printf_post_padding                   0x0000193c   Section        0  printf8.o(i._printf_post_padding)
    _printf_post_padding                     0x0000193d   Thumb Code    32  printf8.o(i._printf_post_padding)
    i._printf_pre_padding                    0x0000195c   Section        0  printf8.o(i._printf_pre_padding)
    _printf_pre_padding                      0x0000195d   Thumb Code    44  printf8.o(i._printf_pre_padding)
    i._sputc                                 0x00001988   Section        0  printf8.o(i._sputc)
    _sputc                                   0x00001989   Thumb Code    10  printf8.o(i._sputc)
    i.fputc                                  0x00001992   Section        0  retarget.o(i.fputc)
    i.log                                    0x000019a0   Section        0  log.o(i.log)
    i.main                                   0x00001cf4   Section        0  main.o(i.main)
    i.setGpio                                0x00001e68   Section        0  main.o(i.setGpio)
    i.setI2c                                 0x00001f10   Section        0  main.o(i.setI2c)
    i.setPwm                                 0x000020dc   Section        0  main.o(i.setPwm)
    i.setTimer                               0x000022dc   Section        0  main.o(i.setTimer)
    i.stackDump                              0x00002438   Section        0  retarget.o(i.stackDump)
    stackDump                                0x00002439   Thumb Code    70  retarget.o(i.stackDump)
    .constdata                               0x000024e0   Section       56  log.o(.constdata)
    Lg2                                      0x000024e0   Data          24  log.o(.constdata)
    Lg                                       0x000024f8   Data          32  log.o(.constdata)
    .constdata                               0x00002518   Section        8  qnan.o(.constdata)
    .conststring                             0x00002520   Section      200  main.o(.conststring)
    .data                                    0x20000000   Section       12  system_m051series.o(.data)
    .data                                    0x2000000c   Section       32  main.o(.data)
    s_I2C0HandlerFn                          0x2000001c   Data           4  main.o(.data)
    .data                                    0x2000002c   Section        1  retarget.o(.data)
    g_buf_len                                0x2000002c   Data           1  retarget.o(.data)
    .data                                    0x20000030   Section        4  retarget.o(.data)
    .data                                    0x20000034   Section        4  rand.o(.data)
    _rand_state                              0x20000034   Data           4  rand.o(.data)
    .data                                    0x20000038   Section        4  errno.o(.data)
    _errno                                   0x20000038   Data           4  errno.o(.data)
    .bss                                     0x20000040   Section      816  main.o(.bss)
    .bss                                     0x20000370   Section       16  retarget.o(.bss)
    g_buf                                    0x20000370   Data          16  retarget.o(.bss)
    STACK                                    0x20000380   Section      512  startup_m051series.o(STACK)

    Global Symbols

    Symbol Name                              Value     Ov Type        Size  Object(Section)

    BuildAttributes$$THM_ISAv3M$S$PE$A:L22$X:L11$S22$IEEE1$IW$USESV6$~STKCKD$USESV7$~SHL$OTIME$ROPI$IEEEX$EBA8$MICROLIB$REQ8$PRES8$EABIv2 0x00000000   Number         0  anon$$obj.o ABSOLUTE
    __ARM_use_no_argv                        0x00000000   Number         0  main.o ABSOLUTE
    __Vectors                                0x00000000   Data           4  startup_m051series.o(RESET)
    _printf_a                                0x00000000   Number         0  stubs.o ABSOLUTE
    _printf_c                                0x00000000   Number         0  stubs.o ABSOLUTE
    _printf_charcount                        0x00000000   Number         0  stubs.o ABSOLUTE
    _printf_d                                0x00000000   Number         0  stubs.o ABSOLUTE
    _printf_e                                0x00000000   Number         0  stubs.o ABSOLUTE
    _printf_f                                0x00000000   Number         0  stubs.o ABSOLUTE
    _printf_flags                            0x00000000   Number         0  stubs.o ABSOLUTE
    _printf_fp_dec                           0x00000000   Number         0  stubs.o ABSOLUTE
    _printf_fp_hex                           0x00000000   Number         0  stubs.o ABSOLUTE
    _printf_g                                0x00000000   Number         0  stubs.o ABSOLUTE
    _printf_i                                0x00000000   Number         0  stubs.o ABSOLUTE
    _printf_int_dec                          0x00000000   Number         0  stubs.o ABSOLUTE
    _printf_l                                0x00000000   Number         0  stubs.o ABSOLUTE
    _printf_lc                               0x00000000   Number         0  stubs.o ABSOLUTE
    _printf_ll                               0x00000000   Number         0  stubs.o ABSOLUTE
    _printf_lld                              0x00000000   Number         0  stubs.o ABSOLUTE
    _printf_lli                              0x00000000   Number         0  stubs.o ABSOLUTE
    _printf_llo                              0x00000000   Number         0  stubs.o ABSOLUTE
    _printf_llu                              0x00000000   Number         0  stubs.o ABSOLUTE
    _printf_llx                              0x00000000   Number         0  stubs.o ABSOLUTE
    _printf_longlong_dec                     0x00000000   Number         0  stubs.o ABSOLUTE
    _printf_longlong_hex                     0x00000000   Number         0  stubs.o ABSOLUTE
    _printf_longlong_oct                     0x00000000   Number         0  stubs.o ABSOLUTE
    _printf_ls                               0x00000000   Number         0  stubs.o ABSOLUTE
    _printf_mbtowc                           0x00000000   Number         0  stubs.o ABSOLUTE
    _printf_n                                0x00000000   Number         0  stubs.o ABSOLUTE
    _printf_o                                0x00000000   Number         0  stubs.o ABSOLUTE
    _printf_p                                0x00000000   Number         0  stubs.o ABSOLUTE
    _printf_percent                          0x00000000   Number         0  stubs.o ABSOLUTE
    _printf_pre_padding                      0x00000000   Number         0  stubs.o ABSOLUTE
    _printf_return_value                     0x00000000   Number         0  stubs.o ABSOLUTE
    _printf_s                                0x00000000   Number         0  stubs.o ABSOLUTE
    _printf_sizespec                         0x00000000   Number         0  stubs.o ABSOLUTE
    _printf_str                              0x00000000   Number         0  stubs.o ABSOLUTE
    _printf_truncate_signed                  0x00000000   Number         0  stubs.o ABSOLUTE
    _printf_truncate_unsigned                0x00000000   Number         0  stubs.o ABSOLUTE
    _printf_u                                0x00000000   Number         0  stubs.o ABSOLUTE
    _printf_wc                               0x00000000   Number         0  stubs.o ABSOLUTE
    _printf_wctomb                           0x00000000   Number         0  stubs.o ABSOLUTE
    _printf_widthprec                        0x00000000   Number         0  stubs.o ABSOLUTE
    _printf_x                                0x00000000   Number         0  stubs.o ABSOLUTE
    __cpp_initialize__aeabi_                  - Undefined Weak Reference
    __cxa_finalize                            - Undefined Weak Reference
    __decompress                              - Undefined Weak Reference
    _clock_init                               - Undefined Weak Reference
    _microlib_exit                            - Undefined Weak Reference
    __main                                   0x000000c1   Thumb Code     0  entry.o(.ARM.Collect$$$$00000000)
    _main_stk                                0x000000c1   Thumb Code     0  entry2.o(.ARM.Collect$$$$00000001)
    _main_scatterload                        0x000000c5   Thumb Code     0  entry5.o(.ARM.Collect$$$$00000004)
    __main_after_scatterload                 0x000000c9   Thumb Code     0  entry5.o(.ARM.Collect$$$$00000004)
    _main_clock                              0x000000c9   Thumb Code     0  entry7b.o(.ARM.Collect$$$$00000008)
    _main_cpp_init                           0x000000c9   Thumb Code     0  entry8b.o(.ARM.Collect$$$$0000000A)
    _main_init                               0x000000c9   Thumb Code     0  entry9a.o(.ARM.Collect$$$$0000000B)
    __rt_final_cpp                           0x000000d1   Thumb Code     0  entry10a.o(.ARM.Collect$$$$0000000D)
    __rt_final_exit                          0x000000d1   Thumb Code     0  entry11a.o(.ARM.Collect$$$$0000000F)
    HardFault_Handler                        0x000000d5   Thumb Code    60  retarget.o(.emb_text)
    SH_DoCommand                             0x00000119   Thumb Code    18  retarget.o(.emb_text)
    Reset_Handler                            0x0000012d   Thumb Code    32  startup_m051series.o(.text)
    NMI_Handler                              0x0000014d   Thumb Code     2  startup_m051series.o(.text)
    SVC_Handler                              0x00000151   Thumb Code     2  startup_m051series.o(.text)
    PendSV_Handler                           0x00000153   Thumb Code     2  startup_m051series.o(.text)
    SysTick_Handler                          0x00000155   Thumb Code     2  startup_m051series.o(.text)
    ACMP01_IRQHandler                        0x00000157   Thumb Code     0  startup_m051series.o(.text)
    ACMP23_IRQHandler                        0x00000157   Thumb Code     0  startup_m051series.o(.text)
    ADC_IRQHandler                           0x00000157   Thumb Code     0  startup_m051series.o(.text)
    BOD_IRQHandler                           0x00000157   Thumb Code     0  startup_m051series.o(.text)
    EINT0_IRQHandler                         0x00000157   Thumb Code     0  startup_m051series.o(.text)
    EINT1_IRQHandler                         0x00000157   Thumb Code     0  startup_m051series.o(.text)
    GPIOP0P1_IRQHandler                      0x00000157   Thumb Code     0  startup_m051series.o(.text)
    GPIOP2P3P4_IRQHandler                    0x00000157   Thumb Code     0  startup_m051series.o(.text)
    I2C1_IRQHandler                          0x00000157   Thumb Code     0  startup_m051series.o(.text)
    PWMA_IRQHandler                          0x00000157   Thumb Code     0  startup_m051series.o(.text)
    PWMB_IRQHandler                          0x00000157   Thumb Code     0  startup_m051series.o(.text)
    PWRWU_IRQHandler                         0x00000157   Thumb Code     0  startup_m051series.o(.text)
    RTC_IRQHandler                           0x00000157   Thumb Code     0  startup_m051series.o(.text)
    SPI0_IRQHandler                          0x00000157   Thumb Code     0  startup_m051series.o(.text)
    SPI1_IRQHandler                          0x00000157   Thumb Code     0  startup_m051series.o(.text)
    TMR1_IRQHandler                          0x00000157   Thumb Code     0  startup_m051series.o(.text)
    TMR2_IRQHandler                          0x00000157   Thumb Code     0  startup_m051series.o(.text)
    TMR3_IRQHandler                          0x00000157   Thumb Code     0  startup_m051series.o(.text)
    UART0_IRQHandler                         0x00000157   Thumb Code     0  startup_m051series.o(.text)
    UART1_IRQHandler                         0x00000157   Thumb Code     0  startup_m051series.o(.text)
    WDT_IRQHandler                           0x00000157   Thumb Code     0  startup_m051series.o(.text)
    __aeabi_uidiv                            0x00000179   Thumb Code     0  uidiv.o(.text)
    __aeabi_uidivmod                         0x00000179   Thumb Code    44  uidiv.o(.text)
    __aeabi_idiv                             0x000001a5   Thumb Code     0  idiv.o(.text)
    __aeabi_idivmod                          0x000001a5   Thumb Code    40  idiv.o(.text)
    rand                                     0x000001cd   Thumb Code    18  rand.o(.text)
    srand                                    0x000001df   Thumb Code     6  rand.o(.text)
    __aeabi_memcpy                           0x000001f1   Thumb Code    36  memcpya.o(.text)
    __aeabi_memcpy4                          0x000001f1   Thumb Code     0  memcpya.o(.text)
    __aeabi_memcpy8                          0x000001f1   Thumb Code     0  memcpya.o(.text)
    strncpy                                  0x00000215   Thumb Code    26  strncpy.o(.text)
    strncat                                  0x0000022f   Thumb Code    40  strncat.o(.text)
    __aeabi_dadd                             0x00000259   Thumb Code   328  dadd.o(.text)
    __aeabi_dsub                             0x000003a1   Thumb Code    12  dadd.o(.text)
    __aeabi_drsub                            0x000003ad   Thumb Code    12  dadd.o(.text)
    __aeabi_ddiv                             0x000003bd   Thumb Code   234  ddiv.o(.text)
    __aeabi_i2d                              0x000004ad   Thumb Code    34  dflti.o(.text)
    __aeabi_d2iz                             0x000004d5   Thumb Code    62  dfixi.o(.text)
    __aeabi_uldivmod                         0x0000051d   Thumb Code    96  uldiv.o(.text)
    __aeabi_llsl                             0x0000057d   Thumb Code    32  llshl.o(.text)
    _ll_shift_l                              0x0000057d   Thumb Code     0  llshl.o(.text)
    __aeabi_llsr                             0x0000059d   Thumb Code    34  llushr.o(.text)
    _ll_ushift_r                             0x0000059d   Thumb Code     0  llushr.o(.text)
    __aeabi_lasr                             0x000005bf   Thumb Code    38  llsshr.o(.text)
    _ll_sshift_r                             0x000005bf   Thumb Code     0  llsshr.o(.text)
    __I$use$fp                               0x000005e5   Thumb Code     0  iusefp.o(.text)
    _double_round                            0x000005e5   Thumb Code    26  depilogue.o(.text)
    _double_epilogue                         0x000005ff   Thumb Code   164  depilogue.o(.text)
    __aeabi_dmul                             0x000006a5   Thumb Code   202  dmul.o(.text)
    __ARM_scalbn                             0x00000775   Thumb Code    44  dscalb.o(.text)
    scalbn                                   0x00000775   Thumb Code     0  dscalb.o(.text)
    __aeabi_cdcmpeq                          0x000007a1   Thumb Code     0  cdcmple.o(.text)
    __aeabi_cdcmple                          0x000007a1   Thumb Code    38  cdcmple.o(.text)
    __scatterload                            0x000007c9   Thumb Code    28  init.o(.text)
    __scatterload_rt2                        0x000007c9   Thumb Code     0  init.o(.text)
    AdcContScanModeTest                      0x000007ed   Thumb Code   246  main.o(i.AdcContScanModeTest)
    GetPin                                   0x00000921   Thumb Code    14  main.o(i.GetPin)
    Hard_Fault_Handler                       0x00000935   Thumb Code    16  retarget.o(i.Hard_Fault_Handler)
    I2C0_IRQHandler                          0x0000095d   Thumb Code    30  main.o(i.I2C0_IRQHandler)
    I2C0_Init                                0x00000985   Thumb Code   140  main.o(i.I2C0_Init)
    I2C_SlaveTRx                             0x00000a31   Thumb Code   264  main.o(i.I2C_SlaveTRx)
    ReadPanel                                0x00000b69   Thumb Code   840  main.o(i.ReadPanel)
    SYS_Init                                 0x000010e1   Thumb Code   302  main.o(i.SYS_Init)
    SendChar                                 0x00001235   Thumb Code    48  retarget.o(i.SendChar)
    SetIndicatorLights                       0x0000126d   Thumb Code    68  main.o(i.SetIndicatorLights)
    SetPin                                   0x000012b9   Thumb Code    14  main.o(i.SetPin)
    SetPwmLightRing                          0x000012cd   Thumb Code    94  main.o(i.SetPwmLightRing)
    SystemInit                               0x00001335   Thumb Code     2  system_m051series.o(i.SystemInit)
    TMR0_IRQHandler                          0x00001339   Thumb Code    24  main.o(i.TMR0_IRQHandler)
    UART0_Init                               0x00001359   Thumb Code    32  main.o(i.UART0_Init)
    __0printf$8                              0x00001381   Thumb Code    24  printf8.o(i.__0printf$8)
    __1printf$8                              0x00001381   Thumb Code     0  printf8.o(i.__0printf$8)
    __2printf                                0x00001381   Thumb Code     0  printf8.o(i.__0printf$8)
    __0sprintf$8                             0x000013a1   Thumb Code    36  printf8.o(i.__0sprintf$8)
    __1sprintf$8                             0x000013a1   Thumb Code     0  printf8.o(i.__0sprintf$8)
    __2sprintf                               0x000013a1   Thumb Code     0  printf8.o(i.__0sprintf$8)
    __ARM_clz                                0x000013c9   Thumb Code    46  depilogue.o(i.__ARM_clz)
    __ARM_common_switch8                     0x000013f7   Thumb Code    26  main.o(i.__ARM_common_switch8)
    __kernel_poly                            0x00001411   Thumb Code   172  poly.o(i.__kernel_poly)
    __mathlib_dbl_divzero                    0x000014bd   Thumb Code    16  dunder.o(i.__mathlib_dbl_divzero)
    __mathlib_dbl_infnan                     0x000014d1   Thumb Code    10  dunder.o(i.__mathlib_dbl_infnan)
    __mathlib_dbl_invalid                    0x000014db   Thumb Code    16  dunder.o(i.__mathlib_dbl_invalid)
    __scatterload_copy                       0x000014eb   Thumb Code    14  handlers.o(i.__scatterload_copy)
    __scatterload_null                       0x000014f9   Thumb Code     2  handlers.o(i.__scatterload_null)
    __scatterload_zeroinit                   0x000014fb   Thumb Code    14  handlers.o(i.__scatterload_zeroinit)
    __set_errno                              0x00001509   Thumb Code     6  errno.o(i.__set_errno)
    fputc                                    0x00001993   Thumb Code    12  retarget.o(i.fputc)
    log                                      0x000019a1   Thumb Code   790  log.o(i.log)
    main                                     0x00001cf5   Thumb Code   172  main.o(i.main)
    setGpio                                  0x00001e69   Thumb Code   160  main.o(i.setGpio)
    setI2c                                   0x00001f11   Thumb Code   112  main.o(i.setI2c)
    setPwm                                   0x000020dd   Thumb Code   490  main.o(i.setPwm)
    setTimer                                 0x000022dd   Thumb Code    78  main.o(i.setTimer)
    __mathlib_zero                           0x00002518   Data           8  qnan.o(.constdata)
    Region$$Table$$Base                      0x000025e8   Number         0  anon$$obj.o(Region$$Table)
    Region$$Table$$Limit                     0x00002608   Number         0  anon$$obj.o(Region$$Table)
    SystemCoreClock                          0x20000000   Data           4  system_m051series.o(.data)
    CyclesPerUs                              0x20000004   Data           4  system_m051series.o(.data)
    PllClock                                 0x20000008   Data           4  system_m051series.o(.data)
    sensitiveButton                          0x2000000c   Data           1  main.o(.data)
    sustainButton                            0x2000000d   Data           1  main.o(.data)
    lowerOctaceButton                        0x2000000e   Data           1  main.o(.data)
    raiseOctaceButton                        0x2000000f   Data           1  main.o(.data)
    pauseButton                              0x20000010   Data           1  main.o(.data)
    speedButton                              0x20000011   Data           1  main.o(.data)
    pedalDown                                0x20000012   Data           1  main.o(.data)
    sectionKnobState                         0x20000013   Data           1  main.o(.data)
    adcScanCount                             0x20000014   Data           1  main.o(.data)
    i2cWriteDataStartPos                     0x20000015   Data           1  main.o(.data)
    i2cWriteDataEndPos                       0x20000016   Data           1  main.o(.data)
    i2cReadDataStartPos                      0x20000017   Data           1  main.o(.data)
    i2cReadDataEndPos                        0x20000018   Data           1  main.o(.data)
    writeDataLen                             0x20000019   Data           1  main.o(.data)
    readDataLen                              0x2000001a   Data           1  main.o(.data)
    timerCount                               0x20000020   Data           4  main.o(.data)
    sliderDataAverage                        0x20000024   Data           8  main.o(.data)
    __stdout                                 0x20000030   Data           4  retarget.o(.data)
    pressedKeyTime                           0x20000040   Data         192  main.o(.bss)
    pressedKey                               0x20000100   Data          48  main.o(.bss)
    sliderDataAccumulation                   0x20000130   Data          16  main.o(.bss)
    indicatorLights                          0x20000140   Data          16  main.o(.bss)
    i2cTempWriteBuffer                       0x20000150   Data          16  main.o(.bss)
    i2cTempReadBuffer                        0x20000160   Data          16  main.o(.bss)
    i2cWriteData                             0x20000170   Data         256  main.o(.bss)
    i2cReadData                              0x20000270   Data         256  main.o(.bss)
    __initial_sp                             0x20000580   Data           0  startup_m051series.o(STACK)



==============================================================================

Memory Map of the image

  Image Entry point : 0x0000012d

  Load Region LR_1 (Base: 0x00000000, Size: 0x00002644, Max: 0xffffffff, ABSOLUTE)

    Execution Region ER_RO (Exec base: 0x00000000, Load base: 0x00000000, Size: 0x00002608, Max: 0xffffffff, ABSOLUTE)

    Exec Addr    Load Addr    Size         Type   Attr      Idx    E Section Name        Object

    0x00000000   0x00000000   0x000000c0   Data   RO          103    RESET               startup_m051series.o
    0x000000c0   0x000000c0   0x00000000   Code   RO         1161  * .ARM.Collect$$$$00000000  mc_p.l(entry.o)
    0x000000c0   0x000000c0   0x00000004   Code   RO         1463    .ARM.Collect$$$$00000001  mc_p.l(entry2.o)
    0x000000c4   0x000000c4   0x00000004   Code   RO         1466    .ARM.Collect$$$$00000004  mc_p.l(entry5.o)
    0x000000c8   0x000000c8   0x00000000   Code   RO         1468    .ARM.Collect$$$$00000008  mc_p.l(entry7b.o)
    0x000000c8   0x000000c8   0x00000000   Code   RO         1470    .ARM.Collect$$$$0000000A  mc_p.l(entry8b.o)
    0x000000c8   0x000000c8   0x00000008   Code   RO         1471    .ARM.Collect$$$$0000000B  mc_p.l(entry9a.o)
    0x000000d0   0x000000d0   0x00000000   Code   RO         1473    .ARM.Collect$$$$0000000D  mc_p.l(entry10a.o)
    0x000000d0   0x000000d0   0x00000000   Code   RO         1475    .ARM.Collect$$$$0000000F  mc_p.l(entry11a.o)
    0x000000d0   0x000000d0   0x00000004   Code   RO         1464    .ARM.Collect$$$$00002712  mc_p.l(entry2.o)
    0x000000d4   0x000000d4   0x00000056   Code   RO          271    .emb_text           retarget.o
    0x0000012a   0x0000012a   0x00000002   PAD
    0x0000012c   0x0000012c   0x0000004c   Code   RO          104  * .text               startup_m051series.o
    0x00000178   0x00000178   0x0000002c   Code   RO         1162    .text               mc_p.l(uidiv.o)
    0x000001a4   0x000001a4   0x00000028   Code   RO         1164    .text               mc_p.l(idiv.o)
    0x000001cc   0x000001cc   0x00000024   Code   RO         1166    .text               mc_p.l(rand.o)
    0x000001f0   0x000001f0   0x00000024   Code   RO         1169    .text               mc_p.l(memcpya.o)
    0x00000214   0x00000214   0x0000001a   Code   RO         1171    .text               mc_p.l(strncpy.o)
    0x0000022e   0x0000022e   0x00000028   Code   RO         1173    .text               mc_p.l(strncat.o)
    0x00000256   0x00000256   0x00000002   PAD
    0x00000258   0x00000258   0x00000164   Code   RO         1438    .text               mf_p.l(dadd.o)
    0x000003bc   0x000003bc   0x000000f0   Code   RO         1440    .text               mf_p.l(ddiv.o)
    0x000004ac   0x000004ac   0x00000028   Code   RO         1442    .text               mf_p.l(dflti.o)
    0x000004d4   0x000004d4   0x00000048   Code   RO         1444    .text               mf_p.l(dfixi.o)
    0x0000051c   0x0000051c   0x00000060   Code   RO         1477    .text               mc_p.l(uldiv.o)
    0x0000057c   0x0000057c   0x00000020   Code   RO         1479    .text               mc_p.l(llshl.o)
    0x0000059c   0x0000059c   0x00000022   Code   RO         1481    .text               mc_p.l(llushr.o)
    0x000005be   0x000005be   0x00000026   Code   RO         1483    .text               mc_p.l(llsshr.o)
    0x000005e4   0x000005e4   0x00000000   Code   RO         1492    .text               mc_p.l(iusefp.o)
    0x000005e4   0x000005e4   0x000000be   Code   RO         1493    .text               mf_p.l(depilogue.o)
    0x000006a2   0x000006a2   0x00000002   PAD
    0x000006a4   0x000006a4   0x000000d0   Code   RO         1497    .text               mf_p.l(dmul.o)
    0x00000774   0x00000774   0x0000002c   Code   RO         1499    .text               mf_p.l(dscalb.o)
    0x000007a0   0x000007a0   0x00000028   Code   RO         1503    .text               mf_p.l(cdcmple.o)
    0x000007c8   0x000007c8   0x00000024   Code   RO         1507    .text               mc_p.l(init.o)
    0x000007ec   0x000007ec   0x00000134   Code   RO          110    i.AdcContScanModeTest  main.o
    0x00000920   0x00000920   0x00000014   Code   RO          111    i.GetPin            main.o
    0x00000934   0x00000934   0x00000028   Code   RO          273    i.Hard_Fault_Handler  retarget.o
    0x0000095c   0x0000095c   0x00000028   Code   RO          113    i.I2C0_IRQHandler   main.o
    0x00000984   0x00000984   0x000000ac   Code   RO          114    i.I2C0_Init         main.o
    0x00000a30   0x00000a30   0x00000138   Code   RO          116    i.I2C_SlaveTRx      main.o
    0x00000b68   0x00000b68   0x00000578   Code   RO          117    i.ReadPanel         main.o
    0x000010e0   0x000010e0   0x00000154   Code   RO          118    i.SYS_Init          main.o
    0x00001234   0x00001234   0x00000038   Code   RO          275    i.SendChar          retarget.o
    0x0000126c   0x0000126c   0x0000004c   Code   RO          119    i.SetIndicatorLights  main.o
    0x000012b8   0x000012b8   0x00000014   Code   RO          120    i.SetPin            main.o
    0x000012cc   0x000012cc   0x00000068   Code   RO          121    i.SetPwmLightRing   main.o
    0x00001334   0x00001334   0x00000002   Code   RO            4    i.SystemInit        system_m051series.o
    0x00001336   0x00001336   0x00000002   PAD
    0x00001338   0x00001338   0x00000020   Code   RO          122    i.TMR0_IRQHandler   main.o
    0x00001358   0x00001358   0x00000028   Code   RO          123    i.UART0_Init        main.o
    0x00001380   0x00001380   0x00000020   Code   RO         1384    i.__0printf$8       mc_p.l(printf8.o)
    0x000013a0   0x000013a0   0x00000028   Code   RO         1386    i.__0sprintf$8      mc_p.l(printf8.o)
    0x000013c8   0x000013c8   0x0000002e   Code   RO         1495    i.__ARM_clz         mf_p.l(depilogue.o)
    0x000013f6   0x000013f6   0x0000001a   Code   RO          237    i.__ARM_common_switch8  main.o
    0x00001410   0x00001410   0x000000ac   Code   RO         1460    i.__kernel_poly     m_ps.l(poly.o)
    0x000014bc   0x000014bc   0x00000014   Code   RO         1446    i.__mathlib_dbl_divzero  m_ps.l(dunder.o)
    0x000014d0   0x000014d0   0x0000000a   Code   RO         1447    i.__mathlib_dbl_infnan  m_ps.l(dunder.o)
    0x000014da   0x000014da   0x00000010   Code   RO         1449    i.__mathlib_dbl_invalid  m_ps.l(dunder.o)
    0x000014ea   0x000014ea   0x0000000e   Code   RO         1511    i.__scatterload_copy  mc_p.l(handlers.o)
    0x000014f8   0x000014f8   0x00000002   Code   RO         1512    i.__scatterload_null  mc_p.l(handlers.o)
    0x000014fa   0x000014fa   0x0000000e   Code   RO         1513    i.__scatterload_zeroinit  mc_p.l(handlers.o)
    0x00001508   0x00001508   0x0000000c   Code   RO         1487    i.__set_errno       mc_p.l(errno.o)
    0x00001514   0x00001514   0x00000428   Code   RO         1391    i._printf_core      mc_p.l(printf8.o)
    0x0000193c   0x0000193c   0x00000020   Code   RO         1392    i._printf_post_padding  mc_p.l(printf8.o)
    0x0000195c   0x0000195c   0x0000002c   Code   RO         1393    i._printf_pre_padding  mc_p.l(printf8.o)
    0x00001988   0x00001988   0x0000000a   Code   RO         1395    i._sputc            mc_p.l(printf8.o)
    0x00001992   0x00001992   0x0000000c   Code   RO          281    i.fputc             retarget.o
    0x0000199e   0x0000199e   0x00000002   PAD
    0x000019a0   0x000019a0   0x00000354   Code   RO         1152    i.log               m_ps.l(log.o)
    0x00001cf4   0x00001cf4   0x00000174   Code   RO          124    i.main              main.o
    0x00001e68   0x00001e68   0x000000a8   Code   RO          125    i.setGpio           main.o
    0x00001f10   0x00001f10   0x000001cc   Code   RO          126    i.setI2c            main.o
    0x000020dc   0x000020dc   0x00000200   Code   RO          127    i.setPwm            main.o
    0x000022dc   0x000022dc   0x0000015c   Code   RO          128    i.setTimer          main.o
    0x00002438   0x00002438   0x000000a8   Code   RO          283    i.stackDump         retarget.o
    0x000024e0   0x000024e0   0x00000038   Data   RO         1153    .constdata          m_ps.l(log.o)
    0x00002518   0x00002518   0x00000008   Data   RO         1462    .constdata          m_ps.l(qnan.o)
    0x00002520   0x00002520   0x000000c8   Data   RO          130    .conststring        main.o
    0x000025e8   0x000025e8   0x00000020   Data   RO         1509    Region$$Table       anon$$obj.o


    Execution Region ER_RW (Exec base: 0x20000000, Load base: 0x00002608, Size: 0x0000003c, Max: 0xffffffff, ABSOLUTE)

    Exec Addr    Load Addr    Size         Type   Attr      Idx    E Section Name        Object

    0x20000000   0x00002608   0x0000000c   Data   RW            6    .data               system_m051series.o
    0x2000000c   0x00002614   0x00000020   Data   RW          132    .data               main.o
    0x2000002c   0x00002634   0x00000001   Data   RW          285    .data               retarget.o
    0x2000002d   0x00002635   0x00000003   PAD
    0x20000030   0x00002638   0x00000004   Data   RW          286    .data               retarget.o
    0x20000034   0x0000263c   0x00000004   Data   RW         1167    .data               mc_p.l(rand.o)
    0x20000038   0x00002640   0x00000004   Data   RW         1488    .data               mc_p.l(errno.o)


    Execution Region ER_ZI (Exec base: 0x2000003c, Load base: 0x00002644, Size: 0x00000544, Max: 0xffffffff, ABSOLUTE)

    Exec Addr    Load Addr    Size         Type   Attr      Idx    E Section Name        Object

    0x2000003c   0x00002644   0x00000004   PAD
    0x20000040        -       0x00000330   Zero   RW          129    .bss                main.o
    0x20000370        -       0x00000010   Zero   RW          284    .bss                retarget.o
    0x20000380        -       0x00000200   Zero   RW          101    STACK               startup_m051series.o


==============================================================================

Image component sizes


      Code (inc. data)   RO Data    RW Data    ZI Data      Debug   Object Name

      4750       1652        200         32        816      30586   main.o
       362        140          0          5         16       4825   retarget.o
        76         32        192          0        512        720   startup_m051series.o
         2          0          0         12          0      56755   system_m051series.o

    ----------------------------------------------------------------------
      5196       1824        424         52       1344      92886   Object Totals
         0          0         32          0          0          0   (incl. Generated)
         6          0          0          3          0          0   (incl. Padding)

    ----------------------------------------------------------------------

      Code (inc. data)   RO Data    RW Data    ZI Data      Debug   Library Member Name

        46          4          0          0          0        204   dunder.o
       852         62         56          0          0        136   log.o
       172          0          0          0          0         76   poly.o
         0          0          8          0          0          0   qnan.o
         0          0          0          0          0          0   entry.o
         0          0          0          0          0          0   entry10a.o
         0          0          0          0          0          0   entry11a.o
         8          4          0          0          0          0   entry2.o
         4          0          0          0          0          0   entry5.o
         0          0          0          0          0          0   entry7b.o
         0          0          0          0          0          0   entry8b.o
         8          4          0          0          0          0   entry9a.o
        12          6          0          4          0         60   errno.o
        30          0          0          0          0          0   handlers.o
        40          0          0          0          0         72   idiv.o
        36          8          0          0          0         68   init.o
         0          0          0          0          0          0   iusefp.o
        32          0          0          0          0         68   llshl.o
        38          0          0          0          0         68   llsshr.o
        34          0          0          0          0         68   llushr.o
        36          0          0          0          0         60   memcpya.o
      1222         56          0          0          0        468   printf8.o
        36         12          0          4          0        120   rand.o
        40          0          0          0          0         68   strncat.o
        26          0          0          0          0         68   strncpy.o
        44          0          0          0          0         72   uidiv.o
        96          0          0          0          0         84   uldiv.o
        40          2          0          0          0         68   cdcmple.o
       356          4          0          0          0        140   dadd.o
       240          6          0          0          0         84   ddiv.o
       236          0          0          0          0        216   depilogue.o
        72         10          0          0          0         72   dfixi.o
        40          6          0          0          0         68   dflti.o
       208          6          0          0          0         88   dmul.o
        44          0          0          0          0         72   dscalb.o

    ----------------------------------------------------------------------
      4052        190         64          8          4       2568   Library Totals
         4          0          0          0          4          0   (incl. Padding)

    ----------------------------------------------------------------------

      Code (inc. data)   RO Data    RW Data    ZI Data      Debug   Library Name

      1070         66         64          0          0        416   m_ps.l
      1742         90          0          8          0       1344   mc_p.l
      1236         34          0          0          0        808   mf_p.l

    ----------------------------------------------------------------------
      4052        190         64          8          4       2568   Library Totals

    ----------------------------------------------------------------------

==============================================================================


      Code (inc. data)   RO Data    RW Data    ZI Data      Debug   

      9248       2014        488         60       1348      93302   Grand Totals
      9248       2014        488         60       1348      93302   ELF Image Totals
      9248       2014        488         60          0          0   ROM Totals

==============================================================================

    Total RO  Size (Code + RO Data)                 9736 (   9.51kB)
    Total RW  Size (RW Data + ZI Data)              1408 (   1.38kB)
    Total ROM Size (Code + RO Data + RW Data)       9796 (   9.57kB)

==============================================================================

