Component: ARM Compiler 5.06 update 6 (build 750) Tool: armlink [4d35ed]

==============================================================================

Small function inlining results

Inlined total of 0 calls.

==============================================================================

Section Cross References

    system_m051series.o(i.CLK_GetPLLClockFreq) refers to uidiv.o(.text) for __aeabi_uidivmod
    system_m051series.o(i.SystemCoreClockUpdate) refers to system_m051series.o(i.CLK_GetPLLClockFreq) for CLK_GetPLLClockFreq
    system_m051series.o(i.SystemCoreClockUpdate) refers to uidiv.o(.text) for __aeabi_uidivmod
    system_m051series.o(i.SystemCoreClockUpdate) refers to system_m051series.o(.data) for PllClock
    system_m051series.o(i.SystemCoreClockUpdate) refers to system_m051series.o(.constdata) for gau32ClkSrcTbl
    startup_m051series.o(RESET) refers to startup_m051series.o(STACK) for __initial_sp
    startup_m051series.o(RESET) refers to startup_m051series.o(.text) for Reset_Handler
    startup_m051series.o(RESET) refers to retarget.o(.emb_text) for HardFault_Handler
    startup_m051series.o(RESET) refers to i2cinterface.o(i.I2C0_IRQHandler) for I2C0_IRQHandler
    startup_m051series.o(.text) refers to system_m051series.o(i.SystemInit) for SystemInit
    startup_m051series.o(.text) refers to entry.o(.ARM.Collect$$$$00000000) for __main
    i2cinterface.o(i.I2C0_Close) refers to i2c.o(i.I2C_DisableInt) for I2C_DisableInt
    i2cinterface.o(i.I2C0_Close) refers to i2c.o(i.I2C_Close) for I2C_Close
    i2cinterface.o(i.I2C0_Close) refers to clk.o(i.CLK_DisableModuleClock) for CLK_DisableModuleClock
    i2cinterface.o(i.I2C0_IRQHandler) refers to i2c.o(i.I2C_ClearTimeoutFlag) for I2C_ClearTimeoutFlag
    i2cinterface.o(i.I2C0_IRQHandler) refers to i2cinterface.o(.data) for s_I2C0HandlerFn
    i2cinterface.o(i.I2C0_Init) refers to i2c.o(i.I2C_Open) for I2C_Open
    i2cinterface.o(i.I2C0_Init) refers to i2c.o(i.I2C_SetSlaveAddr) for I2C_SetSlaveAddr
    i2cinterface.o(i.I2C0_Init) refers to i2c.o(i.I2C_SetSlaveAddrMask) for I2C_SetSlaveAddrMask
    i2cinterface.o(i.I2C0_Init) refers to i2c.o(i.I2C_EnableInt) for I2C_EnableInt
    i2cinterface.o(i.I2C_SlaveTRx) refers to memseta.o(.text) for __aeabi_memclr
    i2cinterface.o(i.I2C_SlaveTRx) refers to i2cinterface.o(.data) for g_u8SlvReceiveDataLen
    i2cinterface.o(i.I2C_SlaveTRx) refers to i2cinterface.o(.bss) for g_au8SlvReceiveData
    i2cinterface.o(i.I2cInterface_ErrorCode) refers to i2cinterface.o(.data) for errorCode
    i2cinterface.o(i.I2cInterface_Init) refers to i2cinterface.o(i.I2C0_Init) for I2C0_Init
    i2cinterface.o(i.I2cInterface_Init) refers to i2cinterface.o(.data) for inputBuffer
    i2cinterface.o(i.I2cInterface_Init) refers to i2cinterface.o(.bss) for g_au8SlvSendData
    i2cinterface.o(i.I2cInterface_Init) refers to i2cinterface.o(i.I2C_SlaveTRx) for I2C_SlaveTRx
    i2cinterface.o(i.I2cInterface_Init_Test) refers to i2cinterface.o(i.I2C0_Init) for I2C0_Init
    i2cinterface.o(i.I2cInterface_Init_Test) refers to i2cinterface.o(.bss) for g_au8SlvSendData
    i2cinterface.o(i.I2cInterface_Init_Test) refers to i2cinterface.o(.data) for g_u8SlvSendDataLen
    i2cinterface.o(i.I2cInterface_Init_Test) refers to i2cinterface.o(i.I2C_SlaveTRx) for I2C_SlaveTRx
    circularlinkedlist.o(i.CircularLinkedListElement_SetContent) refers to memcpya.o(.text) for __aeabi_memcpy
    circularlinkedlist.o(i.CircularLinkedList_Create) refers to calloc.o(.text) for calloc
    circularlinkedlist.o(i.CircularLinkedList_Create) refers to circularlinkedlist.o(i.CircularLinkedList_CreateElement) for CircularLinkedList_CreateElement
    circularlinkedlist.o(i.CircularLinkedList_CreateElement) refers to calloc.o(.text) for calloc
    circularlinkedlist.o(i.CircularLinkedList_PopHeadBlocking) refers to circularlinkedlist.o(i.CircularLinkedList_TryLock) for CircularLinkedList_TryLock
    circularlinkedlist.o(i.CircularLinkedList_PopHeadBlocking) refers to circularlinkedlist.o(i.CircularLinkedList_PopHead) for CircularLinkedList_PopHead
    circularlinkedlist.o(i.CircularLinkedList_PopHeadBlocking) refers to circularlinkedlist.o(i.CircularLinkedList_Unlock) for CircularLinkedList_Unlock
    circularlinkedlist.o(i.CircularLinkedList_PopHeadNonBlocking) refers to circularlinkedlist.o(i.CircularLinkedList_TryLock) for CircularLinkedList_TryLock
    circularlinkedlist.o(i.CircularLinkedList_PopHeadNonBlocking) refers to circularlinkedlist.o(i.CircularLinkedList_PopHead) for CircularLinkedList_PopHead
    circularlinkedlist.o(i.CircularLinkedList_PopHeadNonBlocking) refers to circularlinkedlist.o(i.CircularLinkedList_Unlock) for CircularLinkedList_Unlock
    circularlinkedlist.o(i.CircularLinkedList_PushBack) refers to circularlinkedlist.o(i.CircularLinkedListElement_SetContent) for CircularLinkedListElement_SetContent
    circularlinkedlist.o(i.CircularLinkedList_PushBackBlocking) refers to circularlinkedlist.o(i.CircularLinkedList_TryLock) for CircularLinkedList_TryLock
    circularlinkedlist.o(i.CircularLinkedList_PushBackBlocking) refers to circularlinkedlist.o(i.CircularLinkedList_PushBack) for CircularLinkedList_PushBack
    circularlinkedlist.o(i.CircularLinkedList_PushBackBlocking) refers to circularlinkedlist.o(i.CircularLinkedList_Unlock) for CircularLinkedList_Unlock
    circularlinkedlist.o(i.CircularLinkedList_PushBackNonBlocking) refers to circularlinkedlist.o(i.CircularLinkedList_TryLock) for CircularLinkedList_TryLock
    circularlinkedlist.o(i.CircularLinkedList_PushBackNonBlocking) refers to circularlinkedlist.o(i.CircularLinkedList_PushBack) for CircularLinkedList_PushBack
    circularlinkedlist.o(i.CircularLinkedList_PushBackNonBlocking) refers to circularlinkedlist.o(i.CircularLinkedList_Unlock) for CircularLinkedList_Unlock
    main.o(i.SYS_Init) refers to clk.o(i.CLK_EnableXtalRC) for CLK_EnableXtalRC
    main.o(i.SYS_Init) refers to clk.o(i.CLK_WaitClockReady) for CLK_WaitClockReady
    main.o(i.SYS_Init) refers to clk.o(i.CLK_SetHCLK) for CLK_SetHCLK
    main.o(i.SYS_Init) refers to clk.o(i.CLK_SetCoreClock) for CLK_SetCoreClock
    main.o(i.SYS_Init) refers to clk.o(i.CLK_EnableModuleClock) for CLK_EnableModuleClock
    main.o(i.SYS_Init) refers to clk.o(i.CLK_SetModuleClock) for CLK_SetModuleClock
    main.o(i.UART0_Init) refers to sys.o(i.SYS_ResetModule) for SYS_ResetModule
    main.o(i.UART0_Init) refers to uart.o(i.UART_Open) for UART_Open
    main.o(i.main) refers to main.o(i.SYS_Init) for SYS_Init
    main.o(i.main) refers to main.o(i.UART0_Init) for UART0_Init
    main.o(i.main) refers to printf5.o(i.__0printf$5) for __2printf
    main.o(i.main) refers to circularlinkedlist.o(i.CircularLinkedList_Create) for CircularLinkedList_Create
    main.o(i.main) refers to circularlinkedlist.o(i.CircularLinkedList_PushBack) for CircularLinkedList_PushBack
    main.o(i.main) refers to i2cinterface.o(i.I2cInterface_Init) for I2cInterface_Init
    main.o(i.main) refers to circularlinkedlist.o(i.CircularLinkedList_PopHeadNonBlocking) for CircularLinkedList_PopHeadNonBlocking
    main.o(i.main) refers to main.o(.bss) for buffer
    retarget.o(.emb_text) refers to retarget.o(i.Hard_Fault_Handler) for Hard_Fault_Handler
    retarget.o(i.GetChar) refers to retarget.o(.emb_text) for SH_DoCommand
    retarget.o(i.Hard_Fault_Handler) refers to printf5.o(i.__0printf$5) for __2printf
    retarget.o(i.Hard_Fault_Handler) refers to retarget.o(i.stackDump) for stackDump
    retarget.o(i.SendChar) refers to retarget.o(.emb_text) for SH_DoCommand
    retarget.o(i.SendChar) refers to retarget.o(.data) for g_buf_len
    retarget.o(i.SendChar) refers to retarget.o(.bss) for g_buf
    retarget.o(i._sys_exit) refers to retarget.o(.emb_text) for SH_DoCommand
    retarget.o(i._sys_exit) refers to retarget.o(i.IsDebugFifoEmpty) for IsDebugFifoEmpty
    retarget.o(i._ttywrch) refers to retarget.o(i.SendChar) for SendChar
    retarget.o(i.fgetc) refers to retarget.o(i.GetChar) for GetChar
    retarget.o(i.fputc) refers to retarget.o(i.SendChar) for SendChar
    retarget.o(i.stackDump) refers to printf5.o(i.__0printf$5) for __2printf
    clk.o(i.CLK_DisableCKO) refers to clk.o(i.CLK_DisableModuleClock) for CLK_DisableModuleClock
    clk.o(i.CLK_EnableCKO) refers to clk.o(i.CLK_EnableModuleClock) for CLK_EnableModuleClock
    clk.o(i.CLK_EnableCKO) refers to clk.o(i.CLK_SetModuleClock) for CLK_SetModuleClock
    clk.o(i.CLK_EnablePLL) refers to clk.o(i.CLK_WaitClockReady) for CLK_WaitClockReady
    clk.o(i.CLK_EnablePLL) refers to uidiv.o(.text) for __aeabi_uidivmod
    clk.o(i.CLK_EnablePLL) refers to clk.o(i.CLK_GetPLLClockFreq) for CLK_GetPLLClockFreq
    clk.o(i.CLK_GetCPUFreq) refers to system_m051series.o(i.SystemCoreClockUpdate) for SystemCoreClockUpdate
    clk.o(i.CLK_GetCPUFreq) refers to system_m051series.o(.data) for SystemCoreClock
    clk.o(i.CLK_GetHCLKFreq) refers to system_m051series.o(i.SystemCoreClockUpdate) for SystemCoreClockUpdate
    clk.o(i.CLK_GetHCLKFreq) refers to system_m051series.o(.data) for SystemCoreClock
    clk.o(i.CLK_GetPCLKFreq) refers to system_m051series.o(i.SystemCoreClockUpdate) for SystemCoreClockUpdate
    clk.o(i.CLK_GetPCLKFreq) refers to system_m051series.o(.data) for SystemCoreClock
    clk.o(i.CLK_GetPLLClockFreq) refers to uidiv.o(.text) for __aeabi_uidivmod
    clk.o(i.CLK_SetCoreClock) refers to clk.o(i.CLK_WaitClockReady) for CLK_WaitClockReady
    clk.o(i.CLK_SetCoreClock) refers to clk.o(i.CLK_EnablePLL) for CLK_EnablePLL
    clk.o(i.CLK_SetCoreClock) refers to clk.o(i.CLK_SetHCLK) for CLK_SetHCLK
    clk.o(i.CLK_SetHCLK) refers to clk.o(i.CLK_WaitClockReady) for CLK_WaitClockReady
    clk.o(i.CLK_SetHCLK) refers to system_m051series.o(i.SystemCoreClockUpdate) for SystemCoreClockUpdate
    i2c.o(i.I2C_GetBusClockFreq) refers to uidiv.o(.text) for __aeabi_uidivmod
    i2c.o(i.I2C_GetBusClockFreq) refers to system_m051series.o(.data) for SystemCoreClock
    i2c.o(i.I2C_Open) refers to uidiv.o(.text) for __aeabi_uidivmod
    i2c.o(i.I2C_Open) refers to system_m051series.o(.data) for SystemCoreClock
    i2c.o(i.I2C_SetBusClockFreq) refers to uidiv.o(.text) for __aeabi_uidivmod
    i2c.o(i.I2C_SetBusClockFreq) refers to system_m051series.o(.data) for SystemCoreClock
    uart.o(i.CLK_GetPLLClockFreq) refers to uidiv.o(.text) for __aeabi_uidivmod
    uart.o(i.UART_DisableInt) refers to uart.o(i.NVIC_DisableIRQ) for NVIC_DisableIRQ
    uart.o(i.UART_EnableInt) refers to uart.o(i.NVIC_EnableIRQ) for NVIC_EnableIRQ
    uart.o(i.UART_Open) refers to uart.o(i.CLK_GetPLLClockFreq) for CLK_GetPLLClockFreq
    uart.o(i.UART_Open) refers to uidiv.o(.text) for __aeabi_uidivmod
    uart.o(i.UART_Open) refers to uart.o(.constdata) for .constdata
    uart.o(i.UART_SelectIrDAMode) refers to uart.o(i.CLK_GetPLLClockFreq) for CLK_GetPLLClockFreq
    uart.o(i.UART_SelectIrDAMode) refers to uidiv.o(.text) for __aeabi_uidivmod
    uart.o(i.UART_SelectIrDAMode) refers to uart.o(.constdata) for .constdata
    uart.o(i.UART_SetLine_Config) refers to uart.o(i.CLK_GetPLLClockFreq) for CLK_GetPLLClockFreq
    uart.o(i.UART_SetLine_Config) refers to uidiv.o(.text) for __aeabi_uidivmod
    uart.o(i.UART_SetLine_Config) refers to uart.o(.constdata) for .constdata
    entry.o(.ARM.Collect$$$$00000000) refers (Special) to entry10a.o(.ARM.Collect$$$$0000000D) for __rt_final_cpp
    entry.o(.ARM.Collect$$$$00000000) refers (Special) to entry11a.o(.ARM.Collect$$$$0000000F) for __rt_final_exit
    entry.o(.ARM.Collect$$$$00000000) refers (Special) to entry7b.o(.ARM.Collect$$$$00000008) for _main_clock
    entry.o(.ARM.Collect$$$$00000000) refers (Special) to entry8b.o(.ARM.Collect$$$$0000000A) for _main_cpp_init
    entry.o(.ARM.Collect$$$$00000000) refers (Special) to entry9a.o(.ARM.Collect$$$$0000000B) for _main_init
    entry.o(.ARM.Collect$$$$00000000) refers (Special) to entry5.o(.ARM.Collect$$$$00000004) for _main_scatterload
    entry.o(.ARM.Collect$$$$00000000) refers (Special) to entry2.o(.ARM.Collect$$$$00000001) for _main_stk
    printfb.o(i.__0fprintf$bare) refers to printfb.o(i._printf_core) for _printf_core
    printfb.o(i.__0fprintf$bare) refers to retarget.o(i.fputc) for fputc
    printfb.o(i.__0printf$bare) refers to printfb.o(i._printf_core) for _printf_core
    printfb.o(i.__0printf$bare) refers to retarget.o(i.fputc) for fputc
    printfb.o(i.__0printf$bare) refers to retarget.o(.data) for __stdout
    printfb.o(i.__0snprintf$bare) refers to printfb.o(i._printf_core) for _printf_core
    printfb.o(i.__0snprintf$bare) refers to printfb.o(i._snputc) for _snputc
    printfb.o(i.__0sprintf$bare) refers to printfb.o(i._printf_core) for _printf_core
    printfb.o(i.__0sprintf$bare) refers to printfb.o(i._sputc) for _sputc
    printfb.o(i.__0vfprintf$bare) refers to printfb.o(i._printf_core) for _printf_core
    printfb.o(i.__0vfprintf$bare) refers to retarget.o(i.fputc) for fputc
    printfb.o(i.__0vprintf$bare) refers to printfb.o(i._printf_core) for _printf_core
    printfb.o(i.__0vprintf$bare) refers to retarget.o(i.fputc) for fputc
    printfb.o(i.__0vprintf$bare) refers to retarget.o(.data) for __stdout
    printfb.o(i.__0vsnprintf$bare) refers to printfb.o(i._printf_core) for _printf_core
    printfb.o(i.__0vsnprintf$bare) refers to printfb.o(i._snputc) for _snputc
    printfb.o(i.__0vsprintf$bare) refers to printfb.o(i._printf_core) for _printf_core
    printfb.o(i.__0vsprintf$bare) refers to printfb.o(i._sputc) for _sputc
    printf0.o(i.__0fprintf$0) refers to printf0.o(i._printf_core) for _printf_core
    printf0.o(i.__0fprintf$0) refers to retarget.o(i.fputc) for fputc
    printf0.o(i.__0printf$0) refers to printf0.o(i._printf_core) for _printf_core
    printf0.o(i.__0printf$0) refers to retarget.o(i.fputc) for fputc
    printf0.o(i.__0printf$0) refers to retarget.o(.data) for __stdout
    printf0.o(i.__0snprintf$0) refers to printf0.o(i._printf_core) for _printf_core
    printf0.o(i.__0snprintf$0) refers to printf0.o(i._snputc) for _snputc
    printf0.o(i.__0sprintf$0) refers to printf0.o(i._printf_core) for _printf_core
    printf0.o(i.__0sprintf$0) refers to printf0.o(i._sputc) for _sputc
    printf0.o(i.__0vfprintf$0) refers to printf0.o(i._printf_core) for _printf_core
    printf0.o(i.__0vfprintf$0) refers to retarget.o(i.fputc) for fputc
    printf0.o(i.__0vprintf$0) refers to printf0.o(i._printf_core) for _printf_core
    printf0.o(i.__0vprintf$0) refers to retarget.o(i.fputc) for fputc
    printf0.o(i.__0vprintf$0) refers to retarget.o(.data) for __stdout
    printf0.o(i.__0vsnprintf$0) refers to printf0.o(i._printf_core) for _printf_core
    printf0.o(i.__0vsnprintf$0) refers to printf0.o(i._snputc) for _snputc
    printf0.o(i.__0vsprintf$0) refers to printf0.o(i._printf_core) for _printf_core
    printf0.o(i.__0vsprintf$0) refers to printf0.o(i._sputc) for _sputc
    printf1.o(i.__0fprintf$1) refers to printf1.o(i._printf_core) for _printf_core
    printf1.o(i.__0fprintf$1) refers to retarget.o(i.fputc) for fputc
    printf1.o(i.__0printf$1) refers to printf1.o(i._printf_core) for _printf_core
    printf1.o(i.__0printf$1) refers to retarget.o(i.fputc) for fputc
    printf1.o(i.__0printf$1) refers to retarget.o(.data) for __stdout
    printf1.o(i.__0snprintf$1) refers to printf1.o(i._printf_core) for _printf_core
    printf1.o(i.__0snprintf$1) refers to printf1.o(i._snputc) for _snputc
    printf1.o(i.__0sprintf$1) refers to printf1.o(i._printf_core) for _printf_core
    printf1.o(i.__0sprintf$1) refers to printf1.o(i._sputc) for _sputc
    printf1.o(i.__0vfprintf$1) refers to printf1.o(i._printf_core) for _printf_core
    printf1.o(i.__0vfprintf$1) refers to retarget.o(i.fputc) for fputc
    printf1.o(i.__0vprintf$1) refers to printf1.o(i._printf_core) for _printf_core
    printf1.o(i.__0vprintf$1) refers to retarget.o(i.fputc) for fputc
    printf1.o(i.__0vprintf$1) refers to retarget.o(.data) for __stdout
    printf1.o(i.__0vsnprintf$1) refers to printf1.o(i._printf_core) for _printf_core
    printf1.o(i.__0vsnprintf$1) refers to printf1.o(i._snputc) for _snputc
    printf1.o(i.__0vsprintf$1) refers to printf1.o(i._printf_core) for _printf_core
    printf1.o(i.__0vsprintf$1) refers to printf1.o(i._sputc) for _sputc
    printf1.o(i._printf_core) refers to uidiv.o(.text) for __aeabi_uidivmod
    printf2.o(i.__0fprintf$2) refers to printf2.o(i._printf_core) for _printf_core
    printf2.o(i.__0fprintf$2) refers to retarget.o(i.fputc) for fputc
    printf2.o(i.__0printf$2) refers to printf2.o(i._printf_core) for _printf_core
    printf2.o(i.__0printf$2) refers to retarget.o(i.fputc) for fputc
    printf2.o(i.__0printf$2) refers to retarget.o(.data) for __stdout
    printf2.o(i.__0snprintf$2) refers to printf2.o(i._printf_core) for _printf_core
    printf2.o(i.__0snprintf$2) refers to printf2.o(i._snputc) for _snputc
    printf2.o(i.__0sprintf$2) refers to printf2.o(i._printf_core) for _printf_core
    printf2.o(i.__0sprintf$2) refers to printf2.o(i._sputc) for _sputc
    printf2.o(i.__0vfprintf$2) refers to printf2.o(i._printf_core) for _printf_core
    printf2.o(i.__0vfprintf$2) refers to retarget.o(i.fputc) for fputc
    printf2.o(i.__0vprintf$2) refers to printf2.o(i._printf_core) for _printf_core
    printf2.o(i.__0vprintf$2) refers to retarget.o(i.fputc) for fputc
    printf2.o(i.__0vprintf$2) refers to retarget.o(.data) for __stdout
    printf2.o(i.__0vsnprintf$2) refers to printf2.o(i._printf_core) for _printf_core
    printf2.o(i.__0vsnprintf$2) refers to printf2.o(i._snputc) for _snputc
    printf2.o(i.__0vsprintf$2) refers to printf2.o(i._printf_core) for _printf_core
    printf2.o(i.__0vsprintf$2) refers to printf2.o(i._sputc) for _sputc
    printf3.o(i.__0fprintf$3) refers to printf3.o(i._printf_core) for _printf_core
    printf3.o(i.__0fprintf$3) refers to retarget.o(i.fputc) for fputc
    printf3.o(i.__0printf$3) refers to printf3.o(i._printf_core) for _printf_core
    printf3.o(i.__0printf$3) refers to retarget.o(i.fputc) for fputc
    printf3.o(i.__0printf$3) refers to retarget.o(.data) for __stdout
    printf3.o(i.__0snprintf$3) refers to printf3.o(i._printf_core) for _printf_core
    printf3.o(i.__0snprintf$3) refers to printf3.o(i._snputc) for _snputc
    printf3.o(i.__0sprintf$3) refers to printf3.o(i._printf_core) for _printf_core
    printf3.o(i.__0sprintf$3) refers to printf3.o(i._sputc) for _sputc
    printf3.o(i.__0vfprintf$3) refers to printf3.o(i._printf_core) for _printf_core
    printf3.o(i.__0vfprintf$3) refers to retarget.o(i.fputc) for fputc
    printf3.o(i.__0vprintf$3) refers to printf3.o(i._printf_core) for _printf_core
    printf3.o(i.__0vprintf$3) refers to retarget.o(i.fputc) for fputc
    printf3.o(i.__0vprintf$3) refers to retarget.o(.data) for __stdout
    printf3.o(i.__0vsnprintf$3) refers to printf3.o(i._printf_core) for _printf_core
    printf3.o(i.__0vsnprintf$3) refers to printf3.o(i._snputc) for _snputc
    printf3.o(i.__0vsprintf$3) refers to printf3.o(i._printf_core) for _printf_core
    printf3.o(i.__0vsprintf$3) refers to printf3.o(i._sputc) for _sputc
    printf3.o(i._printf_core) refers to uidiv.o(.text) for __aeabi_uidivmod
    printf4.o(i.__0fprintf$4) refers to printf4.o(i._printf_core) for _printf_core
    printf4.o(i.__0fprintf$4) refers to retarget.o(i.fputc) for fputc
    printf4.o(i.__0printf$4) refers to printf4.o(i._printf_core) for _printf_core
    printf4.o(i.__0printf$4) refers to retarget.o(i.fputc) for fputc
    printf4.o(i.__0printf$4) refers to retarget.o(.data) for __stdout
    printf4.o(i.__0snprintf$4) refers to printf4.o(i._printf_core) for _printf_core
    printf4.o(i.__0snprintf$4) refers to printf4.o(i._snputc) for _snputc
    printf4.o(i.__0sprintf$4) refers to printf4.o(i._printf_core) for _printf_core
    printf4.o(i.__0sprintf$4) refers to printf4.o(i._sputc) for _sputc
    printf4.o(i.__0vfprintf$4) refers to printf4.o(i._printf_core) for _printf_core
    printf4.o(i.__0vfprintf$4) refers to retarget.o(i.fputc) for fputc
    printf4.o(i.__0vprintf$4) refers to printf4.o(i._printf_core) for _printf_core
    printf4.o(i.__0vprintf$4) refers to retarget.o(i.fputc) for fputc
    printf4.o(i.__0vprintf$4) refers to retarget.o(.data) for __stdout
    printf4.o(i.__0vsnprintf$4) refers to printf4.o(i._printf_core) for _printf_core
    printf4.o(i.__0vsnprintf$4) refers to printf4.o(i._snputc) for _snputc
    printf4.o(i.__0vsprintf$4) refers to printf4.o(i._printf_core) for _printf_core
    printf4.o(i.__0vsprintf$4) refers to printf4.o(i._sputc) for _sputc
    printf4.o(i._printf_core) refers to uldiv.o(.text) for __aeabi_uldivmod
    printf5.o(i.__0fprintf$5) refers to printf5.o(i._printf_core) for _printf_core
    printf5.o(i.__0fprintf$5) refers to retarget.o(i.fputc) for fputc
    printf5.o(i.__0printf$5) refers to printf5.o(i._printf_core) for _printf_core
    printf5.o(i.__0printf$5) refers to retarget.o(i.fputc) for fputc
    printf5.o(i.__0printf$5) refers to retarget.o(.data) for __stdout
    printf5.o(i.__0snprintf$5) refers to printf5.o(i._printf_core) for _printf_core
    printf5.o(i.__0snprintf$5) refers to printf5.o(i._snputc) for _snputc
    printf5.o(i.__0sprintf$5) refers to printf5.o(i._printf_core) for _printf_core
    printf5.o(i.__0sprintf$5) refers to printf5.o(i._sputc) for _sputc
    printf5.o(i.__0vfprintf$5) refers to printf5.o(i._printf_core) for _printf_core
    printf5.o(i.__0vfprintf$5) refers to retarget.o(i.fputc) for fputc
    printf5.o(i.__0vprintf$5) refers to printf5.o(i._printf_core) for _printf_core
    printf5.o(i.__0vprintf$5) refers to retarget.o(i.fputc) for fputc
    printf5.o(i.__0vprintf$5) refers to retarget.o(.data) for __stdout
    printf5.o(i.__0vsnprintf$5) refers to printf5.o(i._printf_core) for _printf_core
    printf5.o(i.__0vsnprintf$5) refers to printf5.o(i._snputc) for _snputc
    printf5.o(i.__0vsprintf$5) refers to printf5.o(i._printf_core) for _printf_core
    printf5.o(i.__0vsprintf$5) refers to printf5.o(i._sputc) for _sputc
    printf5.o(i._printf_core) refers to uldiv.o(.text) for __aeabi_uldivmod
    printf6.o(i.__0fprintf$6) refers to printf6.o(i._printf_core) for _printf_core
    printf6.o(i.__0fprintf$6) refers to retarget.o(i.fputc) for fputc
    printf6.o(i.__0printf$6) refers to printf6.o(i._printf_core) for _printf_core
    printf6.o(i.__0printf$6) refers to retarget.o(i.fputc) for fputc
    printf6.o(i.__0printf$6) refers to retarget.o(.data) for __stdout
    printf6.o(i.__0snprintf$6) refers to printf6.o(i._printf_core) for _printf_core
    printf6.o(i.__0snprintf$6) refers to printf6.o(i._snputc) for _snputc
    printf6.o(i.__0sprintf$6) refers to printf6.o(i._printf_core) for _printf_core
    printf6.o(i.__0sprintf$6) refers to printf6.o(i._sputc) for _sputc
    printf6.o(i.__0vfprintf$6) refers to printf6.o(i._printf_core) for _printf_core
    printf6.o(i.__0vfprintf$6) refers to retarget.o(i.fputc) for fputc
    printf6.o(i.__0vprintf$6) refers to printf6.o(i._printf_core) for _printf_core
    printf6.o(i.__0vprintf$6) refers to retarget.o(i.fputc) for fputc
    printf6.o(i.__0vprintf$6) refers to retarget.o(.data) for __stdout
    printf6.o(i.__0vsnprintf$6) refers to printf6.o(i._printf_core) for _printf_core
    printf6.o(i.__0vsnprintf$6) refers to printf6.o(i._snputc) for _snputc
    printf6.o(i.__0vsprintf$6) refers to printf6.o(i._printf_core) for _printf_core
    printf6.o(i.__0vsprintf$6) refers to printf6.o(i._sputc) for _sputc
    printf6.o(i._printf_core) refers to printf6.o(i._printf_pre_padding) for _printf_pre_padding
    printf6.o(i._printf_core) refers to printf6.o(i._printf_post_padding) for _printf_post_padding
    printf6.o(i._printf_core) refers to uidiv.o(.text) for __aeabi_uidivmod
    printf7.o(i.__0fprintf$7) refers to printf7.o(i._printf_core) for _printf_core
    printf7.o(i.__0fprintf$7) refers to retarget.o(i.fputc) for fputc
    printf7.o(i.__0printf$7) refers to printf7.o(i._printf_core) for _printf_core
    printf7.o(i.__0printf$7) refers to retarget.o(i.fputc) for fputc
    printf7.o(i.__0printf$7) refers to retarget.o(.data) for __stdout
    printf7.o(i.__0snprintf$7) refers to printf7.o(i._printf_core) for _printf_core
    printf7.o(i.__0snprintf$7) refers to printf7.o(i._snputc) for _snputc
    printf7.o(i.__0sprintf$7) refers to printf7.o(i._printf_core) for _printf_core
    printf7.o(i.__0sprintf$7) refers to printf7.o(i._sputc) for _sputc
    printf7.o(i.__0vfprintf$7) refers to printf7.o(i._printf_core) for _printf_core
    printf7.o(i.__0vfprintf$7) refers to retarget.o(i.fputc) for fputc
    printf7.o(i.__0vprintf$7) refers to printf7.o(i._printf_core) for _printf_core
    printf7.o(i.__0vprintf$7) refers to retarget.o(i.fputc) for fputc
    printf7.o(i.__0vprintf$7) refers to retarget.o(.data) for __stdout
    printf7.o(i.__0vsnprintf$7) refers to printf7.o(i._printf_core) for _printf_core
    printf7.o(i.__0vsnprintf$7) refers to printf7.o(i._snputc) for _snputc
    printf7.o(i.__0vsprintf$7) refers to printf7.o(i._printf_core) for _printf_core
    printf7.o(i.__0vsprintf$7) refers to printf7.o(i._sputc) for _sputc
    printf7.o(i._printf_core) refers to printf7.o(i._printf_pre_padding) for _printf_pre_padding
    printf7.o(i._printf_core) refers to printf7.o(i._printf_post_padding) for _printf_post_padding
    printf7.o(i._printf_core) refers to uldiv.o(.text) for __aeabi_uldivmod
    printf8.o(i.__0fprintf$8) refers to printf8.o(i._printf_core) for _printf_core
    printf8.o(i.__0fprintf$8) refers to retarget.o(i.fputc) for fputc
    printf8.o(i.__0printf$8) refers to printf8.o(i._printf_core) for _printf_core
    printf8.o(i.__0printf$8) refers to retarget.o(i.fputc) for fputc
    printf8.o(i.__0printf$8) refers to retarget.o(.data) for __stdout
    printf8.o(i.__0snprintf$8) refers to printf8.o(i._printf_core) for _printf_core
    printf8.o(i.__0snprintf$8) refers to printf8.o(i._snputc) for _snputc
    printf8.o(i.__0sprintf$8) refers to printf8.o(i._printf_core) for _printf_core
    printf8.o(i.__0sprintf$8) refers to printf8.o(i._sputc) for _sputc
    printf8.o(i.__0vfprintf$8) refers to printf8.o(i._printf_core) for _printf_core
    printf8.o(i.__0vfprintf$8) refers to retarget.o(i.fputc) for fputc
    printf8.o(i.__0vprintf$8) refers to printf8.o(i._printf_core) for _printf_core
    printf8.o(i.__0vprintf$8) refers to retarget.o(i.fputc) for fputc
    printf8.o(i.__0vprintf$8) refers to retarget.o(.data) for __stdout
    printf8.o(i.__0vsnprintf$8) refers to printf8.o(i._printf_core) for _printf_core
    printf8.o(i.__0vsnprintf$8) refers to printf8.o(i._snputc) for _snputc
    printf8.o(i.__0vsprintf$8) refers to printf8.o(i._printf_core) for _printf_core
    printf8.o(i.__0vsprintf$8) refers to printf8.o(i._sputc) for _sputc
    printf8.o(i._printf_core) refers to printf8.o(i._printf_pre_padding) for _printf_pre_padding
    printf8.o(i._printf_core) refers to printf8.o(i._printf_post_padding) for _printf_post_padding
    printf8.o(i._printf_core) refers to uldiv.o(.text) for __aeabi_uldivmod
    printfa.o(i.__0fprintf) refers (Special) to iusefp.o(.text) for __I$use$fp
    printfa.o(i.__0fprintf) refers to printfa.o(i._printf_core) for _printf_core
    printfa.o(i.__0fprintf) refers to retarget.o(i.fputc) for fputc
    printfa.o(i.__0printf) refers (Special) to iusefp.o(.text) for __I$use$fp
    printfa.o(i.__0printf) refers to printfa.o(i._printf_core) for _printf_core
    printfa.o(i.__0printf) refers to retarget.o(i.fputc) for fputc
    printfa.o(i.__0printf) refers to retarget.o(.data) for __stdout
    printfa.o(i.__0snprintf) refers (Special) to iusefp.o(.text) for __I$use$fp
    printfa.o(i.__0snprintf) refers to printfa.o(i._printf_core) for _printf_core
    printfa.o(i.__0snprintf) refers to printfa.o(i._snputc) for _snputc
    printfa.o(i.__0sprintf) refers (Special) to iusefp.o(.text) for __I$use$fp
    printfa.o(i.__0sprintf) refers to printfa.o(i._printf_core) for _printf_core
    printfa.o(i.__0sprintf) refers to printfa.o(i._sputc) for _sputc
    printfa.o(i.__0vfprintf) refers (Special) to iusefp.o(.text) for __I$use$fp
    printfa.o(i.__0vfprintf) refers to printfa.o(i._printf_core) for _printf_core
    printfa.o(i.__0vfprintf) refers to retarget.o(i.fputc) for fputc
    printfa.o(i.__0vprintf) refers (Special) to iusefp.o(.text) for __I$use$fp
    printfa.o(i.__0vprintf) refers to printfa.o(i._printf_core) for _printf_core
    printfa.o(i.__0vprintf) refers to retarget.o(i.fputc) for fputc
    printfa.o(i.__0vprintf) refers to retarget.o(.data) for __stdout
    printfa.o(i.__0vsnprintf) refers (Special) to iusefp.o(.text) for __I$use$fp
    printfa.o(i.__0vsnprintf) refers to printfa.o(i._printf_core) for _printf_core
    printfa.o(i.__0vsnprintf) refers to printfa.o(i._snputc) for _snputc
    printfa.o(i.__0vsprintf) refers (Special) to iusefp.o(.text) for __I$use$fp
    printfa.o(i.__0vsprintf) refers to printfa.o(i._printf_core) for _printf_core
    printfa.o(i.__0vsprintf) refers to printfa.o(i._sputc) for _sputc
    printfa.o(i._fp_digits) refers (Special) to iusefp.o(.text) for __I$use$fp
    printfa.o(i._fp_digits) refers to dmul.o(.text) for __aeabi_dmul
    printfa.o(i._fp_digits) refers to ddiv.o(.text) for __aeabi_ddiv
    printfa.o(i._fp_digits) refers to cdrcmple.o(.text) for __aeabi_cdrcmple
    printfa.o(i._fp_digits) refers to dadd.o(.text) for __aeabi_dadd
    printfa.o(i._fp_digits) refers to dfixul.o(.text) for __aeabi_d2ulz
    printfa.o(i._fp_digits) refers to uldiv.o(.text) for __aeabi_uldivmod
    printfa.o(i._printf_core) refers (Special) to iusefp.o(.text) for __I$use$fp
    printfa.o(i._printf_core) refers to printfa.o(i._printf_pre_padding) for _printf_pre_padding
    printfa.o(i._printf_core) refers to uldiv.o(.text) for __aeabi_uldivmod
    printfa.o(i._printf_core) refers to printfa.o(i._printf_post_padding) for _printf_post_padding
    printfa.o(i._printf_core) refers to printfa.o(i._fp_digits) for _fp_digits
    printfa.o(i._printf_core) refers to uidiv.o(.text) for __aeabi_uidivmod
    printfa.o(i._printf_post_padding) refers (Special) to iusefp.o(.text) for __I$use$fp
    printfa.o(i._printf_pre_padding) refers (Special) to iusefp.o(.text) for __I$use$fp
    printfa.o(i._snputc) refers (Special) to iusefp.o(.text) for __I$use$fp
    printfa.o(i._sputc) refers (Special) to iusefp.o(.text) for __I$use$fp
    calloc.o(.text) refers to malloc.o(i.malloc) for malloc
    entry2.o(.ARM.Collect$$$$00000001) refers to entry2.o(.ARM.Collect$$$$00002712) for __lit__00000000
    entry2.o(.ARM.Collect$$$$00002712) refers to startup_m051series.o(STACK) for __initial_sp
    entry2.o(__vectab_stack_and_reset_area) refers to startup_m051series.o(STACK) for __initial_sp
    entry2.o(__vectab_stack_and_reset_area) refers to entry.o(.ARM.Collect$$$$00000000) for __main
    entry5.o(.ARM.Collect$$$$00000004) refers to init.o(.text) for __scatterload
    entry9a.o(.ARM.Collect$$$$0000000B) refers to main.o(i.main) for main
    entry9b.o(.ARM.Collect$$$$0000000C) refers to main.o(i.main) for main
    uldiv.o(.text) refers to llushr.o(.text) for __aeabi_llsr
    uldiv.o(.text) refers to llshl.o(.text) for __aeabi_llsl
    malloc.o(i.free) refers to mvars.o(.data) for __microlib_freelist
    malloc.o(i.malloc) refers to mvars.o(.data) for __microlib_freelist_initialised
    malloc.o(i.malloc) refers to mvars.o(.data) for __microlib_freelist
    malloc.o(i.malloc) refers to startup_m051series.o(HEAP) for __heap_base
    mallocr.o(i.__free$realloc) refers to mvars.o(.data) for __microlib_freelist
    mallocr.o(i.__malloc$realloc) refers to mallocr.o(i.internal_alloc) for internal_alloc
    mallocr.o(i.__malloc$realloc) refers to mvars.o(.data) for __microlib_freelist_initialised
    mallocr.o(i.__malloc$realloc) refers to startup_m051series.o(HEAP) for __heap_base
    mallocr.o(i.__malloc$realloc) refers to mvars.o(.data) for __microlib_freelist
    mallocr.o(i.internal_alloc) refers to memcpya.o(.text) for __aeabi_memcpy
    mallocr.o(i.internal_alloc) refers to mvars.o(.data) for __microlib_freelist
    mallocr.o(i.realloc) refers to mallocr.o(i.__free$realloc) for __free$realloc
    mallocr.o(i.realloc) refers to mallocr.o(i.internal_alloc) for internal_alloc
    mallocr.o(i.realloc) refers to mallocr.o(i.__malloc$realloc) for __malloc$realloc
    mallocr.o(i.realloc) refers to mvars.o(.data) for __microlib_freelist
    malloca.o(i.__aligned_malloc) refers to mvars.o(.data) for __microlib_freelist
    malloca.o(i.__aligned_malloc) refers to mvars.o(.data) for __microlib_freelist_initialised
    malloca.o(i.__aligned_malloc) refers to startup_m051series.o(HEAP) for __heap_base
    malloca.o(i.__free$memalign) refers to mvars.o(.data) for __microlib_freelist
    malloca.o(i.__malloc$memalign) refers to malloca.o(i.__aligned_malloc) for __aligned_malloc
    mallocra.o(i.__aligned_malloc$realloc) refers to mallocra.o(i.internal_alloc) for internal_alloc
    mallocra.o(i.__aligned_malloc$realloc) refers to startup_m051series.o(HEAP) for __heap_base
    mallocra.o(i.__aligned_malloc$realloc) refers to mvars.o(.data) for __microlib_freelist
    mallocra.o(i.__aligned_malloc$realloc) refers to mvars.o(.data) for __microlib_freelist_initialised
    mallocra.o(i.__free$realloc$memalign) refers to mvars.o(.data) for __microlib_freelist
    mallocra.o(i.__malloc$realloc$memalign) refers to mallocra.o(i.__aligned_malloc$realloc) for __aligned_malloc$realloc
    mallocra.o(i.__realloc$memalign) refers to mallocra.o(i.__free$realloc$memalign) for __free$realloc$memalign
    mallocra.o(i.__realloc$memalign) refers to mallocra.o(i.internal_alloc) for internal_alloc
    mallocra.o(i.__realloc$memalign) refers to mallocra.o(i.__malloc$realloc$memalign) for __malloc$realloc$memalign
    mallocra.o(i.__realloc$memalign) refers to mvars.o(.data) for __microlib_freelist
    mallocra.o(i.internal_alloc) refers to memcpya.o(.text) for __aeabi_memcpy
    mallocra.o(i.internal_alloc) refers to mvars.o(.data) for __microlib_freelist
    dadd.o(.text) refers to llshl.o(.text) for __aeabi_llsl
    dadd.o(.text) refers to llsshr.o(.text) for __aeabi_lasr
    dadd.o(.text) refers to depilogue.o(.text) for _double_epilogue
    dmul.o(.text) refers to depilogue.o(.text) for _double_epilogue
    ddiv.o(.text) refers to depilogue.o(.text) for _double_round
    dfixul.o(.text) refers to llushr.o(.text) for __aeabi_llsr
    dfixul.o(.text) refers to llshl.o(.text) for __aeabi_llsl
    init.o(.text) refers to entry5.o(.ARM.Collect$$$$00000004) for __main_after_scatterload
    depilogue.o(.text) refers to depilogue.o(i.__ARM_clz) for __ARM_clz
    depilogue.o(.text) refers to llshl.o(.text) for __aeabi_llsl
    depilogue.o(.text) refers to llushr.o(.text) for __aeabi_llsr


==============================================================================

Removing Unused input sections from the image.

    Removing system_m051series.o(.rev16_text), (4 bytes).
    Removing system_m051series.o(.revsh_text), (4 bytes).
    Removing i2cinterface.o(.rev16_text), (4 bytes).
    Removing i2cinterface.o(.revsh_text), (4 bytes).
    Removing i2cinterface.o(i.I2C0_Close), (48 bytes).
    Removing i2cinterface.o(i.I2C_SlaveTRxTest), (24 bytes).
    Removing i2cinterface.o(i.I2cInterface_ErrorCode), (12 bytes).
    Removing i2cinterface.o(i.I2cInterface_Init_Test), (100 bytes).
    Removing circularlinkedlist.o(.rev16_text), (4 bytes).
    Removing circularlinkedlist.o(.revsh_text), (4 bytes).
    Removing circularlinkedlist.o(i.CircularLinkedList_IsLocked), (16 bytes).
    Removing circularlinkedlist.o(i.CircularLinkedList_Lock), (8 bytes).
    Removing circularlinkedlist.o(i.CircularLinkedList_PopHeadBlocking), (38 bytes).
    Removing circularlinkedlist.o(i.CircularLinkedList_PushBackBlocking), (42 bytes).
    Removing circularlinkedlist.o(i.CircularLinkedList_PushBackNonBlocking), (46 bytes).
    Removing main.o(.rev16_text), (4 bytes).
    Removing main.o(.revsh_text), (4 bytes).
    Removing retarget.o(.rev16_text), (4 bytes).
    Removing retarget.o(.revsh_text), (4 bytes).
    Removing retarget.o(i.GetChar), (46 bytes).
    Removing retarget.o(i.IsDebugFifoEmpty), (20 bytes).
    Removing retarget.o(i.SendChar_ToUART), (52 bytes).
    Removing retarget.o(i._sys_exit), (32 bytes).
    Removing retarget.o(i._ttywrch), (12 bytes).
    Removing retarget.o(i.ferror), (8 bytes).
    Removing retarget.o(i.fgetc), (10 bytes).
    Removing retarget.o(i.kbhit), (20 bytes).
    Removing clk.o(.rev16_text), (4 bytes).
    Removing clk.o(.revsh_text), (4 bytes).
    Removing clk.o(i.CLK_DisableCKO), (16 bytes).
    Removing clk.o(i.CLK_DisableModuleClock), (36 bytes).
    Removing clk.o(i.CLK_DisablePLL), (20 bytes).
    Removing clk.o(i.CLK_DisableSysTick), (12 bytes).
    Removing clk.o(i.CLK_DisableXtalRC), (16 bytes).
    Removing clk.o(i.CLK_EnableCKO), (48 bytes).
    Removing clk.o(i.CLK_EnableSysTick), (72 bytes).
    Removing clk.o(i.CLK_GetCPUFreq), (16 bytes).
    Removing clk.o(i.CLK_GetHCLKFreq), (16 bytes).
    Removing clk.o(i.CLK_GetHXTFreq), (28 bytes).
    Removing clk.o(i.CLK_GetPCLKFreq), (16 bytes).
    Removing clk.o(i.CLK_Idle), (36 bytes).
    Removing clk.o(i.CLK_PowerDown), (40 bytes).
    Removing clk.o(i.CLK_SetSysTickClockSrc), (20 bytes).
    Removing i2c.o(.rev16_text), (4 bytes).
    Removing i2c.o(.revsh_text), (4 bytes).
    Removing i2c.o(i.I2C_Close), (92 bytes).
    Removing i2c.o(i.I2C_DisableInt), (10 bytes).
    Removing i2c.o(i.I2C_DisableTimeout), (10 bytes).
    Removing i2c.o(i.I2C_DisableWakeup), (10 bytes).
    Removing i2c.o(i.I2C_EnableTimeout), (32 bytes).
    Removing i2c.o(i.I2C_EnableWakeup), (10 bytes).
    Removing i2c.o(i.I2C_GetBusClockFreq), (24 bytes).
    Removing i2c.o(i.I2C_GetData), (8 bytes).
    Removing i2c.o(i.I2C_GetIntFlag), (12 bytes).
    Removing i2c.o(i.I2C_GetStatus), (6 bytes).
    Removing i2c.o(i.I2C_SetBusClockFreq), (56 bytes).
    Removing i2c.o(i.I2C_SetData), (4 bytes).
    Removing i2c.o(i.I2C_Trigger), (50 bytes).
    Removing sys.o(.rev16_text), (4 bytes).
    Removing sys.o(.revsh_text), (4 bytes).
    Removing sys.o(i.SYS_ClearResetSrc), (16 bytes).
    Removing sys.o(i.SYS_DisableBOD), (18 bytes).
    Removing sys.o(i.SYS_EnableBOD), (50 bytes).
    Removing sys.o(i.SYS_GetBODStatus), (14 bytes).
    Removing sys.o(i.SYS_GetResetSrc), (8 bytes).
    Removing sys.o(i.SYS_IsRegLocked), (20 bytes).
    Removing sys.o(i.SYS_ReadPDID), (8 bytes).
    Removing sys.o(i.SYS_ResetCPU), (18 bytes).
    Removing sys.o(i.SYS_ResetChip), (18 bytes).
    Removing uart.o(.rev16_text), (4 bytes).
    Removing uart.o(.revsh_text), (4 bytes).
    Removing uart.o(i.NVIC_DisableIRQ), (20 bytes).
    Removing uart.o(i.NVIC_EnableIRQ), (20 bytes).
    Removing uart.o(i.UART_ClearIntFlag), (72 bytes).
    Removing uart.o(i.UART_Close), (6 bytes).
    Removing uart.o(i.UART_DisableFlowCtrl), (12 bytes).
    Removing uart.o(i.UART_DisableInt), (40 bytes).
    Removing uart.o(i.UART_EnableFlowCtrl), (30 bytes).
    Removing uart.o(i.UART_EnableInt), (40 bytes).
    Removing uart.o(i.UART_Read), (54 bytes).
    Removing uart.o(i.UART_SelectIrDAMode), (164 bytes).
    Removing uart.o(i.UART_SelectLINMode), (26 bytes).
    Removing uart.o(i.UART_SelectRS485Mode), (32 bytes).
    Removing uart.o(i.UART_SetLine_Config), (184 bytes).
    Removing uart.o(i.UART_SetTimeoutCnt), (22 bytes).
    Removing uart.o(i.UART_Write), (54 bytes).
    Removing dadd.o(.text), (356 bytes).
    Removing dmul.o(.text), (208 bytes).
    Removing ddiv.o(.text), (240 bytes).
    Removing dfixul.o(.text), (64 bytes).
    Removing cdrcmple.o(.text), (40 bytes).
    Removing depilogue.o(.text), (190 bytes).
    Removing depilogue.o(i.__ARM_clz), (46 bytes).

93 unused section(s) (total 3412 bytes) removed from the image.

==============================================================================

Image Symbol Table

    Local Symbols

    Symbol Name                              Value     Ov Type        Size  Object(Section)

    RESET                                    0x00000000   Section      192  startup_m051series.o(RESET)
    ../clib/microlib/division.c              0x00000000   Number         0  uidiv.o ABSOLUTE
    ../clib/microlib/division.c              0x00000000   Number         0  uldiv.o ABSOLUTE
    ../clib/microlib/init/entry.s            0x00000000   Number         0  entry11a.o ABSOLUTE
    ../clib/microlib/init/entry.s            0x00000000   Number         0  entry8b.o ABSOLUTE
    ../clib/microlib/init/entry.s            0x00000000   Number         0  entry11b.o ABSOLUTE
    ../clib/microlib/init/entry.s            0x00000000   Number         0  entry7a.o ABSOLUTE
    ../clib/microlib/init/entry.s            0x00000000   Number         0  entry.o ABSOLUTE
    ../clib/microlib/init/entry.s            0x00000000   Number         0  entry2.o ABSOLUTE
    ../clib/microlib/init/entry.s            0x00000000   Number         0  entry5.o ABSOLUTE
    ../clib/microlib/init/entry.s            0x00000000   Number         0  entry7b.o ABSOLUTE
    ../clib/microlib/init/entry.s            0x00000000   Number         0  entry8a.o ABSOLUTE
    ../clib/microlib/init/entry.s            0x00000000   Number         0  entry9a.o ABSOLUTE
    ../clib/microlib/init/entry.s            0x00000000   Number         0  entry9b.o ABSOLUTE
    ../clib/microlib/init/entry.s            0x00000000   Number         0  entry10b.o ABSOLUTE
    ../clib/microlib/init/entry.s            0x00000000   Number         0  entry10a.o ABSOLUTE
    ../clib/microlib/longlong.c              0x00000000   Number         0  llsshr.o ABSOLUTE
    ../clib/microlib/longlong.c              0x00000000   Number         0  llushr.o ABSOLUTE
    ../clib/microlib/longlong.c              0x00000000   Number         0  llshl.o ABSOLUTE
    ../clib/microlib/malloc/calloc.c         0x00000000   Number         0  calloc.o ABSOLUTE
    ../clib/microlib/malloc/malloc.c         0x00000000   Number         0  malloca.o ABSOLUTE
    ../clib/microlib/malloc/malloc.c         0x00000000   Number         0  mallocra.o ABSOLUTE
    ../clib/microlib/malloc/malloc.c         0x00000000   Number         0  mallocr.o ABSOLUTE
    ../clib/microlib/malloc/malloc.c         0x00000000   Number         0  malloc.o ABSOLUTE
    ../clib/microlib/malloc/mvars.c          0x00000000   Number         0  mvars.o ABSOLUTE
    ../clib/microlib/printf/printf.c         0x00000000   Number         0  printf3.o ABSOLUTE
    ../clib/microlib/printf/printf.c         0x00000000   Number         0  printf4.o ABSOLUTE
    ../clib/microlib/printf/printf.c         0x00000000   Number         0  printf5.o ABSOLUTE
    ../clib/microlib/printf/printf.c         0x00000000   Number         0  printf2.o ABSOLUTE
    ../clib/microlib/printf/printf.c         0x00000000   Number         0  printf1.o ABSOLUTE
    ../clib/microlib/printf/printf.c         0x00000000   Number         0  printf0.o ABSOLUTE
    ../clib/microlib/printf/printf.c         0x00000000   Number         0  printfb.o ABSOLUTE
    ../clib/microlib/printf/printf.c         0x00000000   Number         0  printf7.o ABSOLUTE
    ../clib/microlib/printf/printf.c         0x00000000   Number         0  printf6.o ABSOLUTE
    ../clib/microlib/printf/printf.c         0x00000000   Number         0  printf8.o ABSOLUTE
    ../clib/microlib/printf/printf.c         0x00000000   Number         0  printfa.o ABSOLUTE
    ../clib/microlib/printf/stubs.s          0x00000000   Number         0  stubs.o ABSOLUTE
    ../clib/microlib/string/memcpy.c         0x00000000   Number         0  memcpyb.o ABSOLUTE
    ../clib/microlib/string/memcpy.c         0x00000000   Number         0  memcpya.o ABSOLUTE
    ../clib/microlib/string/memset.c         0x00000000   Number         0  memseta.o ABSOLUTE
    ../clib/microlib/stubs.s                 0x00000000   Number         0  iusefp.o ABSOLUTE
    ../fplib/microlib/fpadd.c                0x00000000   Number         0  dadd.o ABSOLUTE
    ../fplib/microlib/fpdiv.c                0x00000000   Number         0  ddiv.o ABSOLUTE
    ../fplib/microlib/fpepilogue.c           0x00000000   Number         0  depilogue.o ABSOLUTE
    ../fplib/microlib/fpfix.c                0x00000000   Number         0  dfixul.o ABSOLUTE
    ../fplib/microlib/fpmul.c                0x00000000   Number         0  dmul.o ABSOLUTE
    ..\CircularLinkedList.c                  0x00000000   Number         0  circularlinkedlist.o ABSOLUTE
    ..\I2cInterface.c                        0x00000000   Number         0  i2cinterface.o ABSOLUTE
    ..\Library\Device\Nuvoton\M051Series\Source\ARM\startup_M051Series.s 0x00000000   Number         0  startup_m051series.o ABSOLUTE
    ..\Library\Device\Nuvoton\M051Series\Source\system_M051Series.c 0x00000000   Number         0  system_m051series.o ABSOLUTE
    ..\Library\StdDriver\src\clk.c           0x00000000   Number         0  clk.o ABSOLUTE
    ..\Library\StdDriver\src\i2c.c           0x00000000   Number         0  i2c.o ABSOLUTE
    ..\Library\StdDriver\src\retarget.c      0x00000000   Number         0  retarget.o ABSOLUTE
    ..\Library\StdDriver\src\sys.c           0x00000000   Number         0  sys.o ABSOLUTE
    ..\Library\StdDriver\src\uart.c          0x00000000   Number         0  uart.o ABSOLUTE
    ..\\CircularLinkedList.c                 0x00000000   Number         0  circularlinkedlist.o ABSOLUTE
    ..\\I2cInterface.c                       0x00000000   Number         0  i2cinterface.o ABSOLUTE
    ..\\Library\\Device\\Nuvoton\\M051Series\\Source\\system_M051Series.c 0x00000000   Number         0  system_m051series.o ABSOLUTE
    ..\\Library\\StdDriver\\src\\clk.c       0x00000000   Number         0  clk.o ABSOLUTE
    ..\\Library\\StdDriver\\src\\i2c.c       0x00000000   Number         0  i2c.o ABSOLUTE
    ..\\Library\\StdDriver\\src\\retarget.c  0x00000000   Number         0  retarget.o ABSOLUTE
    ..\\Library\\StdDriver\\src\\sys.c       0x00000000   Number         0  sys.o ABSOLUTE
    ..\\Library\\StdDriver\\src\\uart.c      0x00000000   Number         0  uart.o ABSOLUTE
    ..\\main.c                               0x00000000   Number         0  main.o ABSOLUTE
    ..\main.c                                0x00000000   Number         0  main.o ABSOLUTE
    cdrcmple.s                               0x00000000   Number         0  cdrcmple.o ABSOLUTE
    handlers.s                               0x00000000   Number         0  handlers.o ABSOLUTE
    init.s                                   0x00000000   Number         0  init.o ABSOLUTE
    .ARM.Collect$$$$00000000                 0x000000c0   Section        0  entry.o(.ARM.Collect$$$$00000000)
    .ARM.Collect$$$$00000001                 0x000000c0   Section        4  entry2.o(.ARM.Collect$$$$00000001)
    .ARM.Collect$$$$00000004                 0x000000c4   Section        4  entry5.o(.ARM.Collect$$$$00000004)
    .ARM.Collect$$$$00000008                 0x000000c8   Section        0  entry7b.o(.ARM.Collect$$$$00000008)
    .ARM.Collect$$$$0000000A                 0x000000c8   Section        0  entry8b.o(.ARM.Collect$$$$0000000A)
    .ARM.Collect$$$$0000000B                 0x000000c8   Section        8  entry9a.o(.ARM.Collect$$$$0000000B)
    .ARM.Collect$$$$0000000D                 0x000000d0   Section        0  entry10a.o(.ARM.Collect$$$$0000000D)
    .ARM.Collect$$$$0000000F                 0x000000d0   Section        0  entry11a.o(.ARM.Collect$$$$0000000F)
    .ARM.Collect$$$$00002712                 0x000000d0   Section        4  entry2.o(.ARM.Collect$$$$00002712)
    __lit__00000000                          0x000000d0   Data           4  entry2.o(.ARM.Collect$$$$00002712)
    .emb_text                                0x000000d4   Section       86  retarget.o(.emb_text)
    .text                                    0x0000012c   Section       76  startup_m051series.o(.text)
    Default_Handler                          0x00000157   Thumb Code     2  startup_m051series.o(.text)
    .text                                    0x00000178   Section        0  uidiv.o(.text)
    .text                                    0x000001a4   Section        0  memcpya.o(.text)
    .text                                    0x000001c8   Section        0  memseta.o(.text)
    .text                                    0x000001ec   Section        0  calloc.o(.text)
    .text                                    0x00000208   Section        0  uldiv.o(.text)
    .text                                    0x00000268   Section       36  init.o(.text)
    .text                                    0x0000028c   Section        0  llshl.o(.text)
    .text                                    0x000002ac   Section        0  llushr.o(.text)
    i.CLK_EnableModuleClock                  0x000002d0   Section        0  clk.o(i.CLK_EnableModuleClock)
    i.CLK_EnablePLL                          0x000002f4   Section        0  clk.o(i.CLK_EnablePLL)
    i.CLK_EnableXtalRC                       0x00000478   Section        0  clk.o(i.CLK_EnableXtalRC)
    i.CLK_GetPLLClockFreq                    0x00000488   Section        0  system_m051series.o(i.CLK_GetPLLClockFreq)
    CLK_GetPLLClockFreq                      0x00000489   Thumb Code   112  system_m051series.o(i.CLK_GetPLLClockFreq)
    i.CLK_GetPLLClockFreq                    0x00000508   Section        0  clk.o(i.CLK_GetPLLClockFreq)
    CLK_GetPLLClockFreq                      0x00000509   Thumb Code   112  clk.o(i.CLK_GetPLLClockFreq)
    i.CLK_GetPLLClockFreq                    0x00000588   Section        0  uart.o(i.CLK_GetPLLClockFreq)
    CLK_GetPLLClockFreq                      0x00000589   Thumb Code   112  uart.o(i.CLK_GetPLLClockFreq)
    i.CLK_SetCoreClock                       0x00000608   Section        0  clk.o(i.CLK_SetCoreClock)
    i.CLK_SetHCLK                            0x000006a8   Section        0  clk.o(i.CLK_SetHCLK)
    i.CLK_SetModuleClock                     0x0000070c   Section        0  clk.o(i.CLK_SetModuleClock)
    i.CLK_WaitClockReady                     0x00000770   Section        0  clk.o(i.CLK_WaitClockReady)
    i.CircularLinkedListElement_SetContent   0x00000798   Section        0  circularlinkedlist.o(i.CircularLinkedListElement_SetContent)
    i.CircularLinkedList_Create              0x000007b6   Section        0  circularlinkedlist.o(i.CircularLinkedList_Create)
    i.CircularLinkedList_CreateElement       0x000007fa   Section        0  circularlinkedlist.o(i.CircularLinkedList_CreateElement)
    i.CircularLinkedList_PopHead             0x0000081a   Section        0  circularlinkedlist.o(i.CircularLinkedList_PopHead)
    i.CircularLinkedList_PopHeadNonBlocking  0x0000086c   Section        0  circularlinkedlist.o(i.CircularLinkedList_PopHeadNonBlocking)
    i.CircularLinkedList_PushBack            0x00000896   Section        0  circularlinkedlist.o(i.CircularLinkedList_PushBack)
    i.CircularLinkedList_TryLock             0x000008c6   Section        0  circularlinkedlist.o(i.CircularLinkedList_TryLock)
    i.CircularLinkedList_Unlock              0x000008da   Section        0  circularlinkedlist.o(i.CircularLinkedList_Unlock)
    i.Hard_Fault_Handler                     0x000008e4   Section        0  retarget.o(i.Hard_Fault_Handler)
    __tagsym$$used                           0x000008e5   Number         0  retarget.o(i.Hard_Fault_Handler)
    i.I2C0_IRQHandler                        0x00000910   Section        0  i2cinterface.o(i.I2C0_IRQHandler)
    i.I2C0_Init                              0x00000948   Section        0  i2cinterface.o(i.I2C0_Init)
    i.I2C_ClearTimeoutFlag                   0x000009cc   Section        0  i2c.o(i.I2C_ClearTimeoutFlag)
    i.I2C_EnableInt                          0x000009d6   Section        0  i2c.o(i.I2C_EnableInt)
    i.I2C_Open                               0x000009e0   Section        0  i2c.o(i.I2C_Open)
    i.I2C_SetSlaveAddr                       0x00000a20   Section        0  i2c.o(i.I2C_SetSlaveAddr)
    i.I2C_SetSlaveAddrMask                   0x00000a5a   Section        0  i2c.o(i.I2C_SetSlaveAddrMask)
    i.I2C_SlaveTRx                           0x00000a8c   Section        0  i2cinterface.o(i.I2C_SlaveTRx)
    i.I2cInterface_Init                      0x00000bd0   Section        0  i2cinterface.o(i.I2cInterface_Init)
    i.SYS_Init                               0x00000c48   Section        0  main.o(i.SYS_Init)
    i.SYS_ResetModule                        0x00000cd8   Section        0  sys.o(i.SYS_ResetModule)
    i.SendChar                               0x00000d08   Section        0  retarget.o(i.SendChar)
    i.SystemCoreClockUpdate                  0x00000d60   Section        0  system_m051series.o(i.SystemCoreClockUpdate)
    i.SystemInit                             0x00000dc4   Section        0  system_m051series.o(i.SystemInit)
    i.UART0_Init                             0x00000dc8   Section        0  main.o(i.UART0_Init)
    i.UART_Open                              0x00000de4   Section        0  uart.o(i.UART_Open)
    i.__0printf$5                            0x00000e9c   Section        0  printf5.o(i.__0printf$5)
    i.__scatterload_copy                     0x00000ebc   Section       14  handlers.o(i.__scatterload_copy)
    i.__scatterload_null                     0x00000eca   Section        2  handlers.o(i.__scatterload_null)
    i.__scatterload_zeroinit                 0x00000ecc   Section       14  handlers.o(i.__scatterload_zeroinit)
    i._printf_core                           0x00000edc   Section        0  printf5.o(i._printf_core)
    _printf_core                             0x00000edd   Thumb Code   688  printf5.o(i._printf_core)
    i.fputc                                  0x000011b8   Section        0  retarget.o(i.fputc)
    i.main                                   0x000011c8   Section        0  main.o(i.main)
    i.malloc                                 0x00001450   Section        0  malloc.o(i.malloc)
    i.stackDump                              0x000014bc   Section        0  retarget.o(i.stackDump)
    stackDump                                0x000014bd   Thumb Code    70  retarget.o(i.stackDump)
    .constdata                               0x00001564   Section       32  system_m051series.o(.constdata)
    .constdata                               0x00001584   Section       48  uart.o(.constdata)
    .data                                    0x20000000   Section       12  system_m051series.o(.data)
    .data                                    0x2000000c   Section       20  i2cinterface.o(.data)
    s_I2C0HandlerFn                          0x2000001c   Data           4  i2cinterface.o(.data)
    .data                                    0x20000020   Section        9  retarget.o(.data)
    g_buf_len                                0x20000028   Data           1  retarget.o(.data)
    .data                                    0x2000002c   Section        4  mvars.o(.data)
    .data                                    0x20000030   Section        4  mvars.o(.data)
    .bss                                     0x20000034   Section       32  i2cinterface.o(.bss)
    .bss                                     0x20000054   Section       32  main.o(.bss)
    .bss                                     0x20000074   Section       16  retarget.o(.bss)
    g_buf                                    0x20000074   Data          16  retarget.o(.bss)
    HEAP                                     0x20000088   Section        0  startup_m051series.o(HEAP)
    STACK                                    0x20000088   Section      512  startup_m051series.o(STACK)

    Global Symbols

    Symbol Name                              Value     Ov Type        Size  Object(Section)

    BuildAttributes$$THM_ISAv3M$S$PE$A:L22$X:L11$S22$IEEE1$IW$USESV6$~STKCKD$USESV7$~SHL$OSPACE$ROPI$EBA8$MICROLIB$REQ8$PRES8$EABIv2 0x00000000   Number         0  anon$$obj.o ABSOLUTE
    __ARM_use_no_argv                        0x00000000   Number         0  main.o ABSOLUTE
    __Vectors                                0x00000000   Data           4  startup_m051series.o(RESET)
    _printf_a                                0x00000000   Number         0  stubs.o ABSOLUTE
    _printf_c                                0x00000000   Number         0  stubs.o ABSOLUTE
    _printf_charcount                        0x00000000   Number         0  stubs.o ABSOLUTE
    _printf_d                                0x00000000   Number         0  stubs.o ABSOLUTE
    _printf_e                                0x00000000   Number         0  stubs.o ABSOLUTE
    _printf_f                                0x00000000   Number         0  stubs.o ABSOLUTE
    _printf_flags                            0x00000000   Number         0  stubs.o ABSOLUTE
    _printf_fp_dec                           0x00000000   Number         0  stubs.o ABSOLUTE
    _printf_fp_hex                           0x00000000   Number         0  stubs.o ABSOLUTE
    _printf_g                                0x00000000   Number         0  stubs.o ABSOLUTE
    _printf_i                                0x00000000   Number         0  stubs.o ABSOLUTE
    _printf_int_dec                          0x00000000   Number         0  stubs.o ABSOLUTE
    _printf_l                                0x00000000   Number         0  stubs.o ABSOLUTE
    _printf_lc                               0x00000000   Number         0  stubs.o ABSOLUTE
    _printf_ll                               0x00000000   Number         0  stubs.o ABSOLUTE
    _printf_lld                              0x00000000   Number         0  stubs.o ABSOLUTE
    _printf_lli                              0x00000000   Number         0  stubs.o ABSOLUTE
    _printf_llo                              0x00000000   Number         0  stubs.o ABSOLUTE
    _printf_llu                              0x00000000   Number         0  stubs.o ABSOLUTE
    _printf_llx                              0x00000000   Number         0  stubs.o ABSOLUTE
    _printf_longlong_dec                     0x00000000   Number         0  stubs.o ABSOLUTE
    _printf_longlong_hex                     0x00000000   Number         0  stubs.o ABSOLUTE
    _printf_longlong_oct                     0x00000000   Number         0  stubs.o ABSOLUTE
    _printf_ls                               0x00000000   Number         0  stubs.o ABSOLUTE
    _printf_mbtowc                           0x00000000   Number         0  stubs.o ABSOLUTE
    _printf_n                                0x00000000   Number         0  stubs.o ABSOLUTE
    _printf_o                                0x00000000   Number         0  stubs.o ABSOLUTE
    _printf_p                                0x00000000   Number         0  stubs.o ABSOLUTE
    _printf_percent                          0x00000000   Number         0  stubs.o ABSOLUTE
    _printf_pre_padding                      0x00000000   Number         0  stubs.o ABSOLUTE
    _printf_return_value                     0x00000000   Number         0  stubs.o ABSOLUTE
    _printf_s                                0x00000000   Number         0  stubs.o ABSOLUTE
    _printf_sizespec                         0x00000000   Number         0  stubs.o ABSOLUTE
    _printf_str                              0x00000000   Number         0  stubs.o ABSOLUTE
    _printf_truncate_signed                  0x00000000   Number         0  stubs.o ABSOLUTE
    _printf_truncate_unsigned                0x00000000   Number         0  stubs.o ABSOLUTE
    _printf_u                                0x00000000   Number         0  stubs.o ABSOLUTE
    _printf_wc                               0x00000000   Number         0  stubs.o ABSOLUTE
    _printf_wctomb                           0x00000000   Number         0  stubs.o ABSOLUTE
    _printf_widthprec                        0x00000000   Number         0  stubs.o ABSOLUTE
    _printf_x                                0x00000000   Number         0  stubs.o ABSOLUTE
    __cpp_initialize__aeabi_                  - Undefined Weak Reference
    __cxa_finalize                            - Undefined Weak Reference
    __decompress                              - Undefined Weak Reference
    _clock_init                               - Undefined Weak Reference
    _microlib_exit                            - Undefined Weak Reference
    __main                                   0x000000c1   Thumb Code     0  entry.o(.ARM.Collect$$$$00000000)
    _main_stk                                0x000000c1   Thumb Code     0  entry2.o(.ARM.Collect$$$$00000001)
    _main_scatterload                        0x000000c5   Thumb Code     0  entry5.o(.ARM.Collect$$$$00000004)
    __main_after_scatterload                 0x000000c9   Thumb Code     0  entry5.o(.ARM.Collect$$$$00000004)
    _main_clock                              0x000000c9   Thumb Code     0  entry7b.o(.ARM.Collect$$$$00000008)
    _main_cpp_init                           0x000000c9   Thumb Code     0  entry8b.o(.ARM.Collect$$$$0000000A)
    _main_init                               0x000000c9   Thumb Code     0  entry9a.o(.ARM.Collect$$$$0000000B)
    __rt_final_cpp                           0x000000d1   Thumb Code     0  entry10a.o(.ARM.Collect$$$$0000000D)
    __rt_final_exit                          0x000000d1   Thumb Code     0  entry11a.o(.ARM.Collect$$$$0000000F)
    HardFault_Handler                        0x000000d5   Thumb Code    60  retarget.o(.emb_text)
    SH_DoCommand                             0x00000119   Thumb Code    18  retarget.o(.emb_text)
    Reset_Handler                            0x0000012d   Thumb Code    32  startup_m051series.o(.text)
    NMI_Handler                              0x0000014d   Thumb Code     2  startup_m051series.o(.text)
    SVC_Handler                              0x00000151   Thumb Code     2  startup_m051series.o(.text)
    PendSV_Handler                           0x00000153   Thumb Code     2  startup_m051series.o(.text)
    SysTick_Handler                          0x00000155   Thumb Code     2  startup_m051series.o(.text)
    ACMP01_IRQHandler                        0x00000157   Thumb Code     0  startup_m051series.o(.text)
    ACMP23_IRQHandler                        0x00000157   Thumb Code     0  startup_m051series.o(.text)
    ADC_IRQHandler                           0x00000157   Thumb Code     0  startup_m051series.o(.text)
    BOD_IRQHandler                           0x00000157   Thumb Code     0  startup_m051series.o(.text)
    EINT0_IRQHandler                         0x00000157   Thumb Code     0  startup_m051series.o(.text)
    EINT1_IRQHandler                         0x00000157   Thumb Code     0  startup_m051series.o(.text)
    GPIOP0P1_IRQHandler                      0x00000157   Thumb Code     0  startup_m051series.o(.text)
    GPIOP2P3P4_IRQHandler                    0x00000157   Thumb Code     0  startup_m051series.o(.text)
    I2C1_IRQHandler                          0x00000157   Thumb Code     0  startup_m051series.o(.text)
    PWMA_IRQHandler                          0x00000157   Thumb Code     0  startup_m051series.o(.text)
    PWMB_IRQHandler                          0x00000157   Thumb Code     0  startup_m051series.o(.text)
    PWRWU_IRQHandler                         0x00000157   Thumb Code     0  startup_m051series.o(.text)
    RTC_IRQHandler                           0x00000157   Thumb Code     0  startup_m051series.o(.text)
    SPI0_IRQHandler                          0x00000157   Thumb Code     0  startup_m051series.o(.text)
    SPI1_IRQHandler                          0x00000157   Thumb Code     0  startup_m051series.o(.text)
    TMR0_IRQHandler                          0x00000157   Thumb Code     0  startup_m051series.o(.text)
    TMR1_IRQHandler                          0x00000157   Thumb Code     0  startup_m051series.o(.text)
    TMR2_IRQHandler                          0x00000157   Thumb Code     0  startup_m051series.o(.text)
    TMR3_IRQHandler                          0x00000157   Thumb Code     0  startup_m051series.o(.text)
    UART0_IRQHandler                         0x00000157   Thumb Code     0  startup_m051series.o(.text)
    UART1_IRQHandler                         0x00000157   Thumb Code     0  startup_m051series.o(.text)
    WDT_IRQHandler                           0x00000157   Thumb Code     0  startup_m051series.o(.text)
    __aeabi_uidiv                            0x00000179   Thumb Code     0  uidiv.o(.text)
    __aeabi_uidivmod                         0x00000179   Thumb Code    44  uidiv.o(.text)
    __aeabi_memcpy                           0x000001a5   Thumb Code    36  memcpya.o(.text)
    __aeabi_memcpy4                          0x000001a5   Thumb Code     0  memcpya.o(.text)
    __aeabi_memcpy8                          0x000001a5   Thumb Code     0  memcpya.o(.text)
    __aeabi_memset                           0x000001c9   Thumb Code    14  memseta.o(.text)
    __aeabi_memset4                          0x000001c9   Thumb Code     0  memseta.o(.text)
    __aeabi_memset8                          0x000001c9   Thumb Code     0  memseta.o(.text)
    __aeabi_memclr                           0x000001d7   Thumb Code     4  memseta.o(.text)
    __aeabi_memclr4                          0x000001d7   Thumb Code     0  memseta.o(.text)
    __aeabi_memclr8                          0x000001d7   Thumb Code     0  memseta.o(.text)
    _memset$wrapper                          0x000001db   Thumb Code    18  memseta.o(.text)
    calloc                                   0x000001ed   Thumb Code    28  calloc.o(.text)
    __aeabi_uldivmod                         0x00000209   Thumb Code    96  uldiv.o(.text)
    __scatterload                            0x00000269   Thumb Code    28  init.o(.text)
    __scatterload_rt2                        0x00000269   Thumb Code     0  init.o(.text)
    __aeabi_llsl                             0x0000028d   Thumb Code    32  llshl.o(.text)
    _ll_shift_l                              0x0000028d   Thumb Code     0  llshl.o(.text)
    __aeabi_llsr                             0x000002ad   Thumb Code    34  llushr.o(.text)
    _ll_ushift_r                             0x000002ad   Thumb Code     0  llushr.o(.text)
    CLK_EnableModuleClock                    0x000002d1   Thumb Code    32  clk.o(i.CLK_EnableModuleClock)
    CLK_EnablePLL                            0x000002f5   Thumb Code   342  clk.o(i.CLK_EnablePLL)
    CLK_EnableXtalRC                         0x00000479   Thumb Code    12  clk.o(i.CLK_EnableXtalRC)
    CLK_SetCoreClock                         0x00000609   Thumb Code   146  clk.o(i.CLK_SetCoreClock)
    CLK_SetHCLK                              0x000006a9   Thumb Code    94  clk.o(i.CLK_SetHCLK)
    CLK_SetModuleClock                       0x0000070d   Thumb Code    94  clk.o(i.CLK_SetModuleClock)
    CLK_WaitClockReady                       0x00000771   Thumb Code    32  clk.o(i.CLK_WaitClockReady)
    CircularLinkedListElement_SetContent     0x00000799   Thumb Code    30  circularlinkedlist.o(i.CircularLinkedListElement_SetContent)
    CircularLinkedList_Create                0x000007b7   Thumb Code    68  circularlinkedlist.o(i.CircularLinkedList_Create)
    CircularLinkedList_CreateElement         0x000007fb   Thumb Code    32  circularlinkedlist.o(i.CircularLinkedList_CreateElement)
    CircularLinkedList_PopHead               0x0000081b   Thumb Code    82  circularlinkedlist.o(i.CircularLinkedList_PopHead)
    CircularLinkedList_PopHeadNonBlocking    0x0000086d   Thumb Code    42  circularlinkedlist.o(i.CircularLinkedList_PopHeadNonBlocking)
    CircularLinkedList_PushBack              0x00000897   Thumb Code    48  circularlinkedlist.o(i.CircularLinkedList_PushBack)
    CircularLinkedList_TryLock               0x000008c7   Thumb Code    20  circularlinkedlist.o(i.CircularLinkedList_TryLock)
    CircularLinkedList_Unlock                0x000008db   Thumb Code    10  circularlinkedlist.o(i.CircularLinkedList_Unlock)
    Hard_Fault_Handler                       0x000008e5   Thumb Code    18  retarget.o(i.Hard_Fault_Handler)
    I2C0_IRQHandler                          0x00000911   Thumb Code    48  i2cinterface.o(i.I2C0_IRQHandler)
    I2C0_Init                                0x00000949   Thumb Code   118  i2cinterface.o(i.I2C0_Init)
    I2C_ClearTimeoutFlag                     0x000009cd   Thumb Code    10  i2c.o(i.I2C_ClearTimeoutFlag)
    I2C_EnableInt                            0x000009d7   Thumb Code    10  i2c.o(i.I2C_EnableInt)
    I2C_Open                                 0x000009e1   Thumb Code    58  i2c.o(i.I2C_Open)
    I2C_SetSlaveAddr                         0x00000a21   Thumb Code    58  i2c.o(i.I2C_SetSlaveAddr)
    I2C_SetSlaveAddrMask                     0x00000a5b   Thumb Code    48  i2c.o(i.I2C_SetSlaveAddrMask)
    I2C_SlaveTRx                             0x00000a8d   Thumb Code   300  i2cinterface.o(i.I2C_SlaveTRx)
    I2cInterface_Init                        0x00000bd1   Thumb Code    78  i2cinterface.o(i.I2cInterface_Init)
    SYS_Init                                 0x00000c49   Thumb Code   124  main.o(i.SYS_Init)
    SYS_ResetModule                          0x00000cd9   Thumb Code    48  sys.o(i.SYS_ResetModule)
    SendChar                                 0x00000d09   Thumb Code    80  retarget.o(i.SendChar)
    SystemCoreClockUpdate                    0x00000d61   Thumb Code    76  system_m051series.o(i.SystemCoreClockUpdate)
    SystemInit                               0x00000dc5   Thumb Code     2  system_m051series.o(i.SystemInit)
    UART0_Init                               0x00000dc9   Thumb Code    20  main.o(i.UART0_Init)
    UART_Open                                0x00000de5   Thumb Code   166  uart.o(i.UART_Open)
    __0printf$5                              0x00000e9d   Thumb Code    24  printf5.o(i.__0printf$5)
    __1printf$5                              0x00000e9d   Thumb Code     0  printf5.o(i.__0printf$5)
    __2printf                                0x00000e9d   Thumb Code     0  printf5.o(i.__0printf$5)
    __scatterload_copy                       0x00000ebd   Thumb Code    14  handlers.o(i.__scatterload_copy)
    __scatterload_null                       0x00000ecb   Thumb Code     2  handlers.o(i.__scatterload_null)
    __scatterload_zeroinit                   0x00000ecd   Thumb Code    14  handlers.o(i.__scatterload_zeroinit)
    fputc                                    0x000011b9   Thumb Code    16  retarget.o(i.fputc)
    main                                     0x000011c9   Thumb Code   390  main.o(i.main)
    malloc                                   0x00001451   Thumb Code    92  malloc.o(i.malloc)
    gau32ClkSrcTbl                           0x00001564   Data          32  system_m051series.o(.constdata)
    Region$$Table$$Base                      0x000015b4   Number         0  anon$$obj.o(Region$$Table)
    Region$$Table$$Limit                     0x000015d4   Number         0  anon$$obj.o(Region$$Table)
    SystemCoreClock                          0x20000000   Data           4  system_m051series.o(.data)
    CyclesPerUs                              0x20000004   Data           4  system_m051series.o(.data)
    PllClock                                 0x20000008   Data           4  system_m051series.o(.data)
    inputBuffer                              0x2000000c   Data           4  i2cinterface.o(.data)
    outputBuffer                             0x20000010   Data           4  i2cinterface.o(.data)
    isOutputEmpty                            0x20000014   Data           2  i2cinterface.o(.data)
    errorCode                                0x20000016   Data           2  i2cinterface.o(.data)
    g_u8SlvSendDataLen                       0x20000018   Data           1  i2cinterface.o(.data)
    g_u8SlvReceiveDataLen                    0x20000019   Data           1  i2cinterface.o(.data)
    __stdout                                 0x20000020   Data           4  retarget.o(.data)
    __stdin                                  0x20000024   Data           4  retarget.o(.data)
    __microlib_freelist                      0x2000002c   Data           4  mvars.o(.data)
    __microlib_freelist_initialised          0x20000030   Data           4  mvars.o(.data)
    g_au8SlvSendData                         0x20000034   Data          16  i2cinterface.o(.bss)
    g_au8SlvReceiveData                      0x20000044   Data          16  i2cinterface.o(.bss)
    buffer                                   0x20000054   Data          16  main.o(.bss)
    inBuffer                                 0x20000064   Data          16  main.o(.bss)
    __heap_base                              0x20000088   Data           0  startup_m051series.o(HEAP)
    __heap_limit                             0x20000088   Data           0  startup_m051series.o(HEAP)
    __initial_sp                             0x20000288   Data           0  startup_m051series.o(STACK)



==============================================================================

Memory Map of the image

  Image Entry point : 0x0000012d

  Load Region LR_1 (Base: 0x00000000, Size: 0x00001608, Max: 0xffffffff, ABSOLUTE)

    Execution Region ER_RO (Exec base: 0x00000000, Load base: 0x00000000, Size: 0x000015d4, Max: 0xffffffff, ABSOLUTE)

    Exec Addr    Load Addr    Size         Type   Attr      Idx    E Section Name        Object

    0x00000000   0x00000000   0x000000c0   Data   RO          108    RESET               startup_m051series.o
    0x000000c0   0x000000c0   0x00000000   Code   RO          944  * .ARM.Collect$$$$00000000  mc_p.l(entry.o)
    0x000000c0   0x000000c0   0x00000004   Code   RO         1216    .ARM.Collect$$$$00000001  mc_p.l(entry2.o)
    0x000000c4   0x000000c4   0x00000004   Code   RO         1219    .ARM.Collect$$$$00000004  mc_p.l(entry5.o)
    0x000000c8   0x000000c8   0x00000000   Code   RO         1221    .ARM.Collect$$$$00000008  mc_p.l(entry7b.o)
    0x000000c8   0x000000c8   0x00000000   Code   RO         1223    .ARM.Collect$$$$0000000A  mc_p.l(entry8b.o)
    0x000000c8   0x000000c8   0x00000008   Code   RO         1224    .ARM.Collect$$$$0000000B  mc_p.l(entry9a.o)
    0x000000d0   0x000000d0   0x00000000   Code   RO         1226    .ARM.Collect$$$$0000000D  mc_p.l(entry10a.o)
    0x000000d0   0x000000d0   0x00000000   Code   RO         1228    .ARM.Collect$$$$0000000F  mc_p.l(entry11a.o)
    0x000000d0   0x000000d0   0x00000004   Code   RO         1217    .ARM.Collect$$$$00002712  mc_p.l(entry2.o)
    0x000000d4   0x000000d4   0x00000056   Code   RO          388    .emb_text           retarget.o
    0x0000012a   0x0000012a   0x00000002   PAD
    0x0000012c   0x0000012c   0x0000004c   Code   RO          109  * .text               startup_m051series.o
    0x00000178   0x00000178   0x0000002c   Code   RO          945    .text               mc_p.l(uidiv.o)
    0x000001a4   0x000001a4   0x00000024   Code   RO          947    .text               mc_p.l(memcpya.o)
    0x000001c8   0x000001c8   0x00000024   Code   RO          949    .text               mc_p.l(memseta.o)
    0x000001ec   0x000001ec   0x0000001c   Code   RO         1214    .text               mc_p.l(calloc.o)
    0x00000208   0x00000208   0x00000060   Code   RO         1230    .text               mc_p.l(uldiv.o)
    0x00000268   0x00000268   0x00000024   Code   RO         1271    .text               mc_p.l(init.o)
    0x0000028c   0x0000028c   0x00000020   Code   RO         1273    .text               mc_p.l(llshl.o)
    0x000002ac   0x000002ac   0x00000022   Code   RO         1275    .text               mc_p.l(llushr.o)
    0x000002ce   0x000002ce   0x00000002   PAD
    0x000002d0   0x000002d0   0x00000024   Code   RO          491    i.CLK_EnableModuleClock  clk.o
    0x000002f4   0x000002f4   0x00000184   Code   RO          492    i.CLK_EnablePLL     clk.o
    0x00000478   0x00000478   0x00000010   Code   RO          494    i.CLK_EnableXtalRC  clk.o
    0x00000488   0x00000488   0x00000080   Code   RO            3    i.CLK_GetPLLClockFreq  system_m051series.o
    0x00000508   0x00000508   0x00000080   Code   RO          499    i.CLK_GetPLLClockFreq  clk.o
    0x00000588   0x00000588   0x00000080   Code   RO          826    i.CLK_GetPLLClockFreq  uart.o
    0x00000608   0x00000608   0x000000a0   Code   RO          502    i.CLK_SetCoreClock  clk.o
    0x000006a8   0x000006a8   0x00000064   Code   RO          503    i.CLK_SetHCLK       clk.o
    0x0000070c   0x0000070c   0x00000064   Code   RO          504    i.CLK_SetModuleClock  clk.o
    0x00000770   0x00000770   0x00000028   Code   RO          506    i.CLK_WaitClockReady  clk.o
    0x00000798   0x00000798   0x0000001e   Code   RO          227    i.CircularLinkedListElement_SetContent  circularlinkedlist.o
    0x000007b6   0x000007b6   0x00000044   Code   RO          228    i.CircularLinkedList_Create  circularlinkedlist.o
    0x000007fa   0x000007fa   0x00000020   Code   RO          229    i.CircularLinkedList_CreateElement  circularlinkedlist.o
    0x0000081a   0x0000081a   0x00000052   Code   RO          232    i.CircularLinkedList_PopHead  circularlinkedlist.o
    0x0000086c   0x0000086c   0x0000002a   Code   RO          234    i.CircularLinkedList_PopHeadNonBlocking  circularlinkedlist.o
    0x00000896   0x00000896   0x00000030   Code   RO          235    i.CircularLinkedList_PushBack  circularlinkedlist.o
    0x000008c6   0x000008c6   0x00000014   Code   RO          238    i.CircularLinkedList_TryLock  circularlinkedlist.o
    0x000008da   0x000008da   0x0000000a   Code   RO          239    i.CircularLinkedList_Unlock  circularlinkedlist.o
    0x000008e4   0x000008e4   0x0000002c   Code   RO          390    i.Hard_Fault_Handler  retarget.o
    0x00000910   0x00000910   0x00000038   Code   RO          116    i.I2C0_IRQHandler   i2cinterface.o
    0x00000948   0x00000948   0x00000084   Code   RO          117    i.I2C0_Init         i2cinterface.o
    0x000009cc   0x000009cc   0x0000000a   Code   RO          630    i.I2C_ClearTimeoutFlag  i2c.o
    0x000009d6   0x000009d6   0x0000000a   Code   RO          635    i.I2C_EnableInt     i2c.o
    0x000009e0   0x000009e0   0x00000040   Code   RO          642    i.I2C_Open          i2c.o
    0x00000a20   0x00000a20   0x0000003a   Code   RO          645    i.I2C_SetSlaveAddr  i2c.o
    0x00000a5a   0x00000a5a   0x00000030   Code   RO          646    i.I2C_SetSlaveAddrMask  i2c.o
    0x00000a8a   0x00000a8a   0x00000002   PAD
    0x00000a8c   0x00000a8c   0x00000144   Code   RO          118    i.I2C_SlaveTRx      i2cinterface.o
    0x00000bd0   0x00000bd0   0x00000078   Code   RO          121    i.I2cInterface_Init  i2cinterface.o
    0x00000c48   0x00000c48   0x00000090   Code   RO          347    i.SYS_Init          main.o
    0x00000cd8   0x00000cd8   0x00000030   Code   RO          761    i.SYS_ResetModule   sys.o
    0x00000d08   0x00000d08   0x00000058   Code   RO          392    i.SendChar          retarget.o
    0x00000d60   0x00000d60   0x00000064   Code   RO            4    i.SystemCoreClockUpdate  system_m051series.o
    0x00000dc4   0x00000dc4   0x00000002   Code   RO            5    i.SystemInit        system_m051series.o
    0x00000dc6   0x00000dc6   0x00000002   PAD
    0x00000dc8   0x00000dc8   0x0000001c   Code   RO          348    i.UART0_Init        main.o
    0x00000de4   0x00000de4   0x000000b8   Code   RO          835    i.UART_Open         uart.o
    0x00000e9c   0x00000e9c   0x00000020   Code   RO         1086    i.__0printf$5       mc_p.l(printf5.o)
    0x00000ebc   0x00000ebc   0x0000000e   Code   RO         1287    i.__scatterload_copy  mc_p.l(handlers.o)
    0x00000eca   0x00000eca   0x00000002   Code   RO         1288    i.__scatterload_null  mc_p.l(handlers.o)
    0x00000ecc   0x00000ecc   0x0000000e   Code   RO         1289    i.__scatterload_zeroinit  mc_p.l(handlers.o)
    0x00000eda   0x00000eda   0x00000002   PAD
    0x00000edc   0x00000edc   0x000002dc   Code   RO         1093    i._printf_core      mc_p.l(printf5.o)
    0x000011b8   0x000011b8   0x00000010   Code   RO          398    i.fputc             retarget.o
    0x000011c8   0x000011c8   0x00000288   Code   RO          349    i.main              main.o
    0x00001450   0x00001450   0x0000006c   Code   RO         1233    i.malloc            mc_p.l(malloc.o)
    0x000014bc   0x000014bc   0x000000a8   Code   RO          400    i.stackDump         retarget.o
    0x00001564   0x00001564   0x00000020   Data   RO            6    .constdata          system_m051series.o
    0x00001584   0x00001584   0x00000030   Data   RO          843    .constdata          uart.o
    0x000015b4   0x000015b4   0x00000020   Data   RO         1285    Region$$Table       anon$$obj.o


    Execution Region ER_RW (Exec base: 0x20000000, Load base: 0x000015d4, Size: 0x00000034, Max: 0xffffffff, ABSOLUTE)

    Exec Addr    Load Addr    Size         Type   Attr      Idx    E Section Name        Object

    0x20000000   0x000015d4   0x0000000c   Data   RW            7    .data               system_m051series.o
    0x2000000c   0x000015e0   0x00000014   Data   RW          124    .data               i2cinterface.o
    0x20000020   0x000015f4   0x00000009   Data   RW          402    .data               retarget.o
    0x20000029   0x000015fd   0x00000003   PAD
    0x2000002c   0x00001600   0x00000004   Data   RW         1279    .data               mc_p.l(mvars.o)
    0x20000030   0x00001604   0x00000004   Data   RW         1280    .data               mc_p.l(mvars.o)


    Execution Region ER_ZI (Exec base: 0x20000034, Load base: 0x00001608, Size: 0x00000254, Max: 0xffffffff, ABSOLUTE)

    Exec Addr    Load Addr    Size         Type   Attr      Idx    E Section Name        Object

    0x20000034        -       0x00000020   Zero   RW          123    .bss                i2cinterface.o
    0x20000054        -       0x00000020   Zero   RW          350    .bss                main.o
    0x20000074        -       0x00000010   Zero   RW          401    .bss                retarget.o
    0x20000084   0x00001608   0x00000004   PAD
    0x20000088        -       0x00000000   Zero   RW          107    HEAP                startup_m051series.o
    0x20000088        -       0x00000200   Zero   RW          106    STACK               startup_m051series.o


==============================================================================

Image component sizes


      Code (inc. data)   RO Data    RW Data    ZI Data      Debug   Object Name

       332          0          0          0          0      56402   circularlinkedlist.o
       968        104          0          0          0       5786   clk.o
       190          6          0          0          0       3180   i2c.o
       632         88          0         20         32      60726   i2cinterface.o
       820        286          0          0         32      11629   main.o
       402        142          0          9         16       4666   retarget.o
        76         32        192          0        512        708   startup_m051series.o
        48          0          0          0          0        494   sys.o
       230         40         32         12          0      64351   system_m051series.o
       312         34         48          0          0       2036   uart.o

    ----------------------------------------------------------------------
      4016        732        304         44        596     209978   Object Totals
         0          0         32          0          0          0   (incl. Generated)
         6          0          0          3          4          0   (incl. Padding)

    ----------------------------------------------------------------------

      Code (inc. data)   RO Data    RW Data    ZI Data      Debug   Library Member Name

        28          0          0          0          0         68   calloc.o
         0          0          0          0          0          0   entry.o
         0          0          0          0          0          0   entry10a.o
         0          0          0          0          0          0   entry11a.o
         8          4          0          0          0          0   entry2.o
         4          0          0          0          0          0   entry5.o
         0          0          0          0          0          0   entry7b.o
         0          0          0          0          0          0   entry8b.o
         8          4          0          0          0          0   entry9a.o
        30          0          0          0          0          0   handlers.o
        36          8          0          0          0         68   init.o
        32          0          0          0          0         68   llshl.o
        34          0          0          0          0         68   llushr.o
       108         16          0          0          0         76   malloc.o
        36          0          0          0          0         60   memcpya.o
        36          0          0          0          0        100   memseta.o
         0          0          0          8          0          0   mvars.o
       764         52          0          0          0        168   printf5.o
        44          0          0          0          0         72   uidiv.o
        96          0          0          0          0         84   uldiv.o

    ----------------------------------------------------------------------
      1268         84          0          8          0        832   Library Totals
         4          0          0          0          0          0   (incl. Padding)

    ----------------------------------------------------------------------

      Code (inc. data)   RO Data    RW Data    ZI Data      Debug   Library Name

      1264         84          0          8          0        832   mc_p.l

    ----------------------------------------------------------------------
      1268         84          0          8          0        832   Library Totals

    ----------------------------------------------------------------------

==============================================================================


      Code (inc. data)   RO Data    RW Data    ZI Data      Debug   

      5284        816        304         52        596     209018   Grand Totals
      5284        816        304         52        596     209018   ELF Image Totals
      5284        816        304         52          0          0   ROM Totals

==============================================================================

    Total RO  Size (Code + RO Data)                 5588 (   5.46kB)
    Total RW  Size (RW Data + ZI Data)               648 (   0.63kB)
    Total ROM Size (Code + RO Data + RW Data)       5640 (   5.51kB)

==============================================================================

